Component: ARM Compiler 5.06 update 5 (build 528) Tool: armlink [4d35e2]

==============================================================================

Section Cross References

    startup_stm32f10x_md.o(STACK) refers (Special) to heapauxi.o(.text) for __use_two_region_memory
    startup_stm32f10x_md.o(HEAP) refers (Special) to heapauxi.o(.text) for __use_two_region_memory
    startup_stm32f10x_md.o(RESET) refers (Special) to heapauxi.o(.text) for __use_two_region_memory
    startup_stm32f10x_md.o(RESET) refers to startup_stm32f10x_md.o(STACK) for __initial_sp
    startup_stm32f10x_md.o(RESET) refers to startup_stm32f10x_md.o(.text) for Reset_Handler
    startup_stm32f10x_md.o(RESET) refers to stm32f10x_it.o(i.NMI_Handler) for NMI_Handler
    startup_stm32f10x_md.o(RESET) refers to stm32f10x_it.o(i.HardFault_Handler) for HardFault_Handler
    startup_stm32f10x_md.o(RESET) refers to stm32f10x_it.o(i.MemManage_Handler) for MemManage_Handler
    startup_stm32f10x_md.o(RESET) refers to stm32f10x_it.o(i.BusFault_Handler) for BusFault_Handler
    startup_stm32f10x_md.o(RESET) refers to stm32f10x_it.o(i.UsageFault_Handler) for UsageFault_Handler
    startup_stm32f10x_md.o(RESET) refers to stm32f10x_it.o(i.SVC_Handler) for SVC_Handler
    startup_stm32f10x_md.o(RESET) refers to stm32f10x_it.o(i.DebugMon_Handler) for DebugMon_Handler
    startup_stm32f10x_md.o(RESET) refers to stm32f10x_it.o(i.PendSV_Handler) for PendSV_Handler
    startup_stm32f10x_md.o(RESET) refers to stm32f10x_it.o(i.SysTick_Handler) for SysTick_Handler
    startup_stm32f10x_md.o(RESET) refers to main.o(i.TIM1_UP_IRQHandler) for TIM1_UP_IRQHandler
    startup_stm32f10x_md.o(RESET) refers to serial.o(i.USART2_IRQHandler) for USART2_IRQHandler
    startup_stm32f10x_md.o(.text) refers (Special) to heapauxi.o(.text) for __use_two_region_memory
    startup_stm32f10x_md.o(.text) refers to system_stm32f10x.o(i.SystemInit) for SystemInit
    startup_stm32f10x_md.o(.text) refers to __main.o(!!!main) for __main
    startup_stm32f10x_md.o(.text) refers to startup_stm32f10x_md.o(HEAP) for Heap_Mem
    startup_stm32f10x_md.o(.text) refers to startup_stm32f10x_md.o(STACK) for Stack_Mem
    system_stm32f10x.o(i.SetSysClock) refers to system_stm32f10x.o(i.SetSysClockTo72) for SetSysClockTo72
    system_stm32f10x.o(i.SystemCoreClockUpdate) refers to system_stm32f10x.o(.data) for SystemCoreClock
    system_stm32f10x.o(i.SystemInit) refers to system_stm32f10x.o(i.SetSysClock) for SetSysClock
    stm32f10x_adc.o(i.ADC_DeInit) refers to stm32f10x_rcc.o(i.RCC_APB2PeriphResetCmd) for RCC_APB2PeriphResetCmd
    stm32f10x_bkp.o(i.BKP_DeInit) refers to stm32f10x_rcc.o(i.RCC_BackupResetCmd) for RCC_BackupResetCmd
    stm32f10x_can.o(i.CAN_DeInit) refers to stm32f10x_rcc.o(i.RCC_APB1PeriphResetCmd) for RCC_APB1PeriphResetCmd
    stm32f10x_can.o(i.CAN_GetITStatus) refers to stm32f10x_can.o(i.CheckITStatus) for CheckITStatus
    stm32f10x_cec.o(i.CEC_DeInit) refers to stm32f10x_rcc.o(i.RCC_APB1PeriphResetCmd) for RCC_APB1PeriphResetCmd
    stm32f10x_dac.o(i.DAC_DeInit) refers to stm32f10x_rcc.o(i.RCC_APB1PeriphResetCmd) for RCC_APB1PeriphResetCmd
    stm32f10x_flash.o(i.FLASH_EnableWriteProtection) refers to stm32f10x_flash.o(i.FLASH_WaitForLastOperation) for FLASH_WaitForLastOperation
    stm32f10x_flash.o(i.FLASH_EraseAllBank1Pages) refers to stm32f10x_flash.o(i.FLASH_WaitForLastBank1Operation) for FLASH_WaitForLastBank1Operation
    stm32f10x_flash.o(i.FLASH_EraseAllPages) refers to stm32f10x_flash.o(i.FLASH_WaitForLastOperation) for FLASH_WaitForLastOperation
    stm32f10x_flash.o(i.FLASH_EraseOptionBytes) refers to stm32f10x_flash.o(i.FLASH_GetReadOutProtectionStatus) for FLASH_GetReadOutProtectionStatus
    stm32f10x_flash.o(i.FLASH_EraseOptionBytes) refers to stm32f10x_flash.o(i.FLASH_WaitForLastOperation) for FLASH_WaitForLastOperation
    stm32f10x_flash.o(i.FLASH_ErasePage) refers to stm32f10x_flash.o(i.FLASH_WaitForLastOperation) for FLASH_WaitForLastOperation
    stm32f10x_flash.o(i.FLASH_ProgramHalfWord) refers to stm32f10x_flash.o(i.FLASH_WaitForLastOperation) for FLASH_WaitForLastOperation
    stm32f10x_flash.o(i.FLASH_ProgramOptionByteData) refers to stm32f10x_flash.o(i.FLASH_WaitForLastOperation) for FLASH_WaitForLastOperation
    stm32f10x_flash.o(i.FLASH_ProgramWord) refers to stm32f10x_flash.o(i.FLASH_WaitForLastOperation) for FLASH_WaitForLastOperation
    stm32f10x_flash.o(i.FLASH_ReadOutProtection) refers to stm32f10x_flash.o(i.FLASH_WaitForLastOperation) for FLASH_WaitForLastOperation
    stm32f10x_flash.o(i.FLASH_UserOptionByteConfig) refers to stm32f10x_flash.o(i.FLASH_WaitForLastOperation) for FLASH_WaitForLastOperation
    stm32f10x_flash.o(i.FLASH_WaitForLastBank1Operation) refers to stm32f10x_flash.o(i.FLASH_GetBank1Status) for FLASH_GetBank1Status
    stm32f10x_flash.o(i.FLASH_WaitForLastOperation) refers to stm32f10x_flash.o(i.FLASH_GetBank1Status) for FLASH_GetBank1Status
[...]
    x$fpl$ffltu                              0x080061cc   Section       38  fflt_clz.o(x$fpl$ffltu)
    x$fpl$fleqf                              0x080061f4   Section      104  fleqf.o(x$fpl$fleqf)
    x$fpl$fmul                               0x0800625c   Section      258  fmul.o(x$fpl$fmul)
    x$fpl$fnaninf                            0x0800635e   Section      140  fnaninf.o(x$fpl$fnaninf)
    x$fpl$fretinf                            0x080063ea   Section       10  fretinf.o(x$fpl$fretinf)
    x$fpl$frleqf                             0x080063f4   Section       98  frleqf.o(x$fpl$frleqf)
    x$fpl$frsb                               0x08006456   Section       20  faddsub_clz.o(x$fpl$frsb)
    x$fpl$fsqrt                              0x0800646c   Section      272  fsqrt.o(x$fpl$fsqrt)
    x$fpl$fsub                               0x0800657c   Section      234  faddsub_clz.o(x$fpl$fsub)
    _fsub1                                   0x0800658b   Thumb Code     0  faddsub_clz.o(x$fpl$fsub)
    x$fpl$ieeestatus                         0x08006666   Section        6  istatus.o(x$fpl$ieeestatus)
    x$fpl$retnan                             0x0800666c   Section      100  retnan.o(x$fpl$retnan)
    x$fpl$scalbn                             0x080066d0   Section       92  scalbn.o(x$fpl$scalbn)
    x$fpl$scalbnf                            0x0800672c   Section       76  scalbnf.o(x$fpl$scalbnf)
    x$fpl$scanf1                             0x08006778   Section        4  scanf1.o(x$fpl$scanf1)
    x$fpl$scanf2                             0x0800677c   Section        8  scanf2.o(x$fpl$scanf2)
    x$fpl$trapveneer                         0x08006784   Section       48  trapv.o(x$fpl$trapveneer)
    .constdata                               0x080067b4   Section     1520  oled.o(.constdata)
    x$fpl$usenofp                            0x080067b4   Section        0  usenofp.o(x$fpl$usenofp)
    .constdata                               0x08006da4   Section      148  bigflt0.o(.constdata)
    tenpwrs_x                                0x08006da4   Data          60  bigflt0.o(.constdata)
    tenpwrs_i                                0x08006de0   Data          64  bigflt0.o(.constdata)
    .conststring                             0x08006e38   Section       84  main.o(.conststring)
    c$$dinf                                  0x08006eac   Section        8  fpconst.o(c$$dinf)
    c$$dmax                                  0x08006eb4   Section        8  fpconst.o(c$$dmax)
    locale$$data                             0x08006ebc   Section       28  lc_numeric_c.o(locale$$data)
    __lcnum_c_name                           0x08006ec0   Data           2  lc_numeric_c.o(locale$$data)
    __lcnum_c_start                          0x08006ec8   Data           0  lc_numeric_c.o(locale$$data)
    __lcnum_c_point                          0x08006ed4   Data           0  lc_numeric_c.o(locale$$data)
    __lcnum_c_thousands                      0x08006ed6   Data           0  lc_numeric_c.o(locale$$data)
    __lcnum_c_grouping                       0x08006ed7   Data           0  lc_numeric_c.o(locale$$data)
    locale$$data                             0x08006ed8   Section      272  lc_ctype_c.o(locale$$data)
    __lcnum_c_end                            0x08006ed8   Data           0  lc_numeric_c.o(locale$$data)
    __lcctype_c_name                         0x08006edc   Data           2  lc_ctype_c.o(locale$$data)
    __lcctype_c_start                        0x08006ee4   Data           0  lc_ctype_c.o(locale$$data)
    __lcctype_c_end                          0x08006fe8   Data           0  lc_ctype_c.o(locale$$data)
    .data                                    0x20000000   Section       20  stm32f10x_rcc.o(.data)
    APBAHBPrescTable                         0x20000000   Data          16  stm32f10x_rcc.o(.data)
    ADCPrescTable                            0x20000010   Data           4  stm32f10x_rcc.o(.data)
    .data                                    0x20000014   Section        3  serial.o(.data)
    RxState                                  0x20000015   Data           1  serial.o(.data)
    pRxPacket                                0x20000016   Data           1  serial.o(.data)
    .data                                    0x20000018   Section        4  pid.o(.data)
    .data                                    0x2000001c   Section       37  madgwick.o(.data)
    .data                                    0x20000048   Section      233  main.o(.data)
    key_menu_state                           0x20000130   Data           1  main.o(.data)
    .bss                                     0x20000134   Section      136  serial.o(.bss)
    .bss                                     0x200001bc   Section       24  main.o(.bss)
    .bss                                     0x200001d4   Section       96  libspace.o(.bss)
    HEAP                                     0x20000238   Section      512  startup_stm32f10x_md.o(HEAP)
    Heap_Mem                                 0x20000238   Data         512  startup_stm32f10x_md.o(HEAP)
    STACK                                    0x20000438   Section     1024  startup_stm32f10x_md.o(STACK)
    Stack_Mem                                0x20000438   Data        1024  startup_stm32f10x_md.o(STACK)
    __initial_sp                             0x20000838   Data           0  startup_stm32f10x_md.o(STACK)

    Global Symbols

    Symbol Name                              Value     Ov Type        Size  Object(Section)

    BuildAttributes$$THM_ISAv4$P$D$K$B$S$PE$A:L22UL41UL21$X:L11$S22US41US21$IEEE1$IW$USESV6$~STKCKD$USESV7$~SHL$OTIME$ROPI$IEEEX$EBA8$UX$STANDARDLIB$REQ8$PRES8$EABIv2 0x00000000   Number         0  anon$$obj.o ABSOLUTE
    __ARM_use_no_argv                        0x00000000   Number         0  main.o ABSOLUTE
    _printf_flags                            0x00000000   Number         0  printf_stubs.o ABSOLUTE
    _printf_return_value                     0x00000000   Number         0  printf_stubs.o ABSOLUTE
    _printf_sizespec                         0x00000000   Number         0  printf_stubs.o ABSOLUTE
    _printf_widthprec                        0x00000000   Number         0  printf_stubs.o ABSOLUTE
    __ARM_exceptions_init                     - Undefined Weak Reference
    __alloca_initialize                       - Undefined Weak Reference
    __arm_preinit_                            - Undefined Weak Reference
    __cpp_initialize__aeabi_                  - Undefined Weak Reference
    __cxa_finalize                            - Undefined Weak Reference
    __sigvec_lookup                           - Undefined Weak Reference
    _atexit_init                              - Undefined Weak Reference
    _call_atexit_fns                          - Undefined Weak Reference
    _clock_init                               - Undefined Weak Reference
    _fp_trap_init                             - Undefined Weak Reference
    _fp_trap_shutdown                         - Undefined Weak Reference
    _get_lc_collate                           - Undefined Weak Reference
    _get_lc_monetary                          - Undefined Weak Reference
    _get_lc_time                              - Undefined Weak Reference
    _getenv_init                              - Undefined Weak Reference
    _handle_redirection                       - Undefined Weak Reference
    _init_alloc                               - Undefined Weak Reference
    _init_user_alloc                          - Undefined Weak Reference
    _initio                                   - Undefined Weak Reference
    _printf_mbtowc                            - Undefined Weak Reference
    _printf_wc                                - Undefined Weak Reference
    _rand_init                                - Undefined Weak Reference
    _scanf_int                                - Undefined Weak Reference
    _scanf_longlong                           - Undefined Weak Reference
    _scanf_mbtowc                             - Undefined Weak Reference
    _scanf_string                             - Undefined Weak Reference
    _scanf_wctomb                             - Undefined Weak Reference
    _scanf_wstring                            - Undefined Weak Reference
    _signal_finish                            - Undefined Weak Reference
    _signal_init                              - Undefined Weak Reference
    _terminate_alloc                          - Undefined Weak Reference
    _terminate_user_alloc                     - Undefined Weak Reference
    _terminateio                              - Undefined Weak Reference
    __Vectors_Size                           0x000000ec   Number         0  startup_stm32f10x_md.o ABSOLUTE
    __Vectors                                0x08000000   Data           4  startup_stm32f10x_md.o(RESET)
    __Vectors_End                            0x080000ec   Data           0  startup_stm32f10x_md.o(RESET)
    __main                                   0x080000ed   Thumb Code     8  __main.o(!!!main)
    __scatterload                            0x080000f5   Thumb Code     0  __scatter.o(!!!scatter)
    __scatterload_rt2                        0x080000f5   Thumb Code    44  __scatter.o(!!!scatter)
    __scatterload_rt2_thumb_only             0x080000f5   Thumb Code     0  __scatter.o(!!!scatter)
    __scatterload_null                       0x08000103   Thumb Code     0  __scatter.o(!!!scatter)
    __decompress                             0x08000129   Thumb Code    90  __dczerorl2.o(!!dczerorl2)
    __decompress1                            0x08000129   Thumb Code     0  __dczerorl2.o(!!dczerorl2)
    __scatterload_zeroinit                   0x08000185   Thumb Code    28  __scatter_zi.o(!!handler_zi)
    __rt_lib_init                            0x080001a1   Thumb Code     0  libinit.o(.ARM.Collect$$libinit$$00000000)
    __rt_lib_init_fp_1                       0x080001a3   Thumb Code     0  libinit2.o(.ARM.Collect$$libinit$$00000002)
    __rt_lib_init_heap_1                     0x080001a3   Thumb Code     0  libinit2.o(.ARM.Collect$$libinit$$0000000A)
    __rt_lib_init_lc_common                  0x080001a3   Thumb Code     0  libinit2.o(.ARM.Collect$$libinit$$0000000F)
    __rt_lib_init_preinit_1                  0x080001a3   Thumb Code     0  libinit2.o(.ARM.Collect$$libinit$$00000004)
    __rt_lib_init_rand_1                     0x080001a3   Thumb Code     0  libinit2.o(.ARM.Collect$$libinit$$0000000E)
    __rt_lib_init_user_alloc_1               0x080001a3   Thumb Code     0  libinit2.o(.ARM.Collect$$libinit$$0000000C)
    __rt_lib_init_lc_collate_1               0x080001a9   Thumb Code     0  libinit2.o(.ARM.Collect$$libinit$$00000011)
    __rt_lib_init_lc_ctype_2                 0x080001a9   Thumb Code     0  libinit2.o(.ARM.Collect$$libinit$$00000012)
    __rt_lib_init_lc_ctype_1                 0x080001b5   Thumb Code     0  libinit2.o(.ARM.Collect$$libinit$$00000013)
    __rt_lib_init_lc_monetary_1              0x080001b5   Thumb Code     0  libinit2.o(.ARM.Collect$$libinit$$00000015)
    __rt_lib_init_lc_numeric_2               0x080001b5   Thumb Code     0  libinit2.o(.ARM.Collect$$libinit$$00000016)
    __rt_lib_init_alloca_1                   0x080001bf   Thumb Code     0  libinit2.o(.ARM.Collect$$libinit$$0000002E)
    __rt_lib_init_argv_1                     0x080001bf   Thumb Code     0  libinit2.o(.ARM.Collect$$libinit$$0000002C)
    __rt_lib_init_atexit_1                   0x080001bf   Thumb Code     0  libinit2.o(.ARM.Collect$$libinit$$0000001B)
    __rt_lib_init_clock_1                    0x080001bf   Thumb Code     0  libinit2.o(.ARM.Collect$$libinit$$00000021)
    __rt_lib_init_cpp_1                      0x080001bf   Thumb Code     0  libinit2.o(.ARM.Collect$$libinit$$00000032)
    __rt_lib_init_exceptions_1               0x080001bf   Thumb Code     0  libinit2.o(.ARM.Collect$$libinit$$00000030)
    __rt_lib_init_fp_trap_1                  0x080001bf   Thumb Code     0  libinit2.o(.ARM.Collect$$libinit$$0000001F)
    __rt_lib_init_getenv_1                   0x080001bf   Thumb Code     0  libinit2.o(.ARM.Collect$$libinit$$00000023)
    __rt_lib_init_lc_numeric_1               0x080001bf   Thumb Code     0  libinit2.o(.ARM.Collect$$libinit$$00000017)
    __rt_lib_init_lc_time_1                  0x080001bf   Thumb Code     0  libinit2.o(.ARM.Collect$$libinit$$00000019)
    __rt_lib_init_return                     0x080001bf   Thumb Code     0  libinit2.o(.ARM.Collect$$libinit$$00000033)
    __rt_lib_init_signal_1                   0x080001bf   Thumb Code     0  libinit2.o(.ARM.Collect$$libinit$$0000001D)
    __rt_lib_init_stdio_1                    0x080001bf   Thumb Code     0  libinit2.o(.ARM.Collect$$libinit$$00000025)
    __rt_lib_shutdown                        0x080001c1   Thumb Code     0  libshutdown.o(.ARM.Collect$$libshutdown$$00000000)
    __rt_lib_shutdown_cpp_1                  0x080001c3   Thumb Code     0  libshutdown2.o(.ARM.Collect$$libshutdown$$00000002)
    __rt_lib_shutdown_fp_trap_1              0x080001c3   Thumb Code     0  libshutdown2.o(.ARM.Collect$$libshutdown$$00000007)
    __rt_lib_shutdown_heap_1                 0x080001c3   Thumb Code     0  libshutdown2.o(.ARM.Collect$$libshutdown$$0000000F)
    __rt_lib_shutdown_return                 0x080001c3   Thumb Code     0  libshutdown2.o(.ARM.Collect$$libshutdown$$00000010)
    __rt_lib_shutdown_signal_1               0x080001c3   Thumb Code     0  libshutdown2.o(.ARM.Collect$$libshutdown$$0000000A)
    __rt_lib_shutdown_stdio_1                0x080001c3   Thumb Code     0  libshutdown2.o(.ARM.Collect$$libshutdown$$00000004)
    __rt_lib_shutdown_user_alloc_1           0x080001c3   Thumb Code     0  libshutdown2.o(.ARM.Collect$$libshutdown$$0000000C)
    __rt_entry                               0x080001c5   Thumb Code     0  __rtentry.o(.ARM.Collect$$rtentry$$00000000)
    __rt_entry_presh_1                       0x080001c5   Thumb Code     0  __rtentry2.o(.ARM.Collect$$rtentry$$00000002)
    __rt_entry_sh                            0x080001c5   Thumb Code     0  __rtentry4.o(.ARM.Collect$$rtentry$$00000004)
    __rt_entry_li                            0x080001cb   Thumb Code     0  __rtentry2.o(.ARM.Collect$$rtentry$$0000000A)
    __rt_entry_postsh_1                      0x080001cb   Thumb Code     0  __rtentry2.o(.ARM.Collect$$rtentry$$00000009)
    __rt_entry_main                          0x080001cf   Thumb Code     0  __rtentry2.o(.ARM.Collect$$rtentry$$0000000D)
    __rt_entry_postli_1                      0x080001cf   Thumb Code     0  __rtentry2.o(.ARM.Collect$$rtentry$$0000000C)
    __rt_exit                                0x080001d7   Thumb Code     0  rtexit.o(.ARM.Collect$$rtexit$$00000000)
    __rt_exit_ls                             0x080001d9   Thumb Code     0  rtexit2.o(.ARM.Collect$$rtexit$$00000003)
    __rt_exit_prels_1                        0x080001d9   Thumb Code     0  rtexit2.o(.ARM.Collect$$rtexit$$00000002)
    __rt_exit_exit                           0x080001dd   Thumb Code     0  rtexit2.o(.ARM.Collect$$rtexit$$00000004)
    Reset_Handler                            0x080001e5   Thumb Code     8  startup_stm32f10x_md.o(.text)
    ADC1_2_IRQHandler                        0x080001ff   Thumb Code     0  startup_stm32f10x_md.o(.text)
    CAN1_RX1_IRQHandler                      0x080001ff   Thumb Code     0  startup_stm32f10x_md.o(.text)
    CAN1_SCE_IRQHandler                      0x080001ff   Thumb Code     0  startup_stm32f10x_md.o(.text)
    DMA1_Channel1_IRQHandler                 0x080001ff   Thumb Code     0  startup_stm32f10x_md.o(.text)
    DMA1_Channel2_IRQHandler                 0x080001ff   Thumb Code     0  startup_stm32f10x_md.o(.text)
    DMA1_Channel3_IRQHandler                 0x080001ff   Thumb Code     0  startup_stm32f10x_md.o(.text)
    DMA1_Channel4_IRQHandler                 0x080001ff   Thumb Code     0  startup_stm32f10x_md.o(.text)
    DMA1_Channel5_IRQHandler                 0x080001ff   Thumb Code     0  startup_stm32f10x_md.o(.text)
    DMA1_Channel6_IRQHandler                 0x080001ff   Thumb Code     0  startup_stm32f10x_md.o(.text)
    DMA1_Channel7_IRQHandler                 0x080001ff   Thumb Code     0  startup_stm32f10x_md.o(.text)
    EXTI0_IRQHandler                         0x080001ff   Thumb Code     0  startup_stm32f10x_md.o(.text)
    EXTI15_10_IRQHandler                     0x080001ff   Thumb Code     0  startup_stm32f10x_md.o(.text)
    EXTI1_IRQHandler                         0x080001ff   Thumb Code     0  startup_stm32f10x_md.o(.text)
    EXTI2_IRQHandler                         0x080001ff   Thumb Code     0  startup_stm32f10x_md.o(.text)
    EXTI3_IRQHandler                         0x080001ff   Thumb Code     0  startup_stm32f10x_md.o(.text)
    EXTI4_IRQHandler                         0x080001ff   Thumb Code     0  startup_stm32f10x_md.o(.text)
    EXTI9_5_IRQHandler                       0x080001ff   Thumb Code     0  startup_stm32f10x_md.o(.text)
    FLASH_IRQHandler                         0x080001ff   Thumb Code     0  startup_stm32f10x_md.o(.text)
    I2C1_ER_IRQHandler                       0x080001ff   Thumb Code     0  startup_stm32f10x_md.o(.text)
    I2C1_EV_IRQHandler                       0x080001ff   Thumb Code     0  startup_stm32f10x_md.o(.text)
    I2C2_ER_IRQHandler                       0x080001ff   Thumb Code     0  startup_stm32f10x_md.o(.text)
    I2C2_EV_IRQHandler                       0x080001ff   Thumb Code     0  startup_stm32f10x_md.o(.text)
    PVD_IRQHandler                           0x080001ff   Thumb Code     0  startup_stm32f10x_md.o(.text)
    RCC_IRQHandler                           0x080001ff   Thumb Code     0  startup_stm32f10x_md.o(.text)
    RTCAlarm_IRQHandler                      0x080001ff   Thumb Code     0  startup_stm32f10x_md.o(.text)
    RTC_IRQHandler                           0x080001ff   Thumb Code     0  startup_stm32f10x_md.o(.text)
    SPI1_IRQHandler                          0x080001ff   Thumb Code     0  startup_stm32f10x_md.o(.text)
    SPI2_IRQHandler                          0x080001ff   Thumb Code     0  startup_stm32f10x_md.o(.text)
    TAMPER_IRQHandler                        0x080001ff   Thumb Code     0  startup_stm32f10x_md.o(.text)
    TIM1_BRK_IRQHandler                      0x080001ff   Thumb Code     0  startup_stm32f10x_md.o(.text)
    TIM1_CC_IRQHandler                       0x080001ff   Thumb Code     0  startup_stm32f10x_md.o(.text)
    TIM1_TRG_COM_IRQHandler                  0x080001ff   Thumb Code     0  startup_stm32f10x_md.o(.text)
    TIM2_IRQHandler                          0x080001ff   Thumb Code     0  startup_stm32f10x_md.o(.text)
    TIM3_IRQHandler                          0x080001ff   Thumb Code     0  startup_stm32f10x_md.o(.text)
    TIM4_IRQHandler                          0x080001ff   Thumb Code     0  startup_stm32f10x_md.o(.text)
    USART1_IRQHandler                        0x080001ff   Thumb Code     0  startup_stm32f10x_md.o(.text)
    USART3_IRQHandler                        0x080001ff   Thumb Code     0  startup_stm32f10x_md.o(.text)
    USBWakeUp_IRQHandler                     0x080001ff   Thumb Code     0  startup_stm32f10x_md.o(.text)
    USB_HP_CAN1_TX_IRQHandler                0x080001ff   Thumb Code     0  startup_stm32f10x_md.o(.text)
    USB_LP_CAN1_RX0_IRQHandler               0x080001ff   Thumb Code     0  startup_stm32f10x_md.o(.text)
    WWDG_IRQHandler                          0x080001ff   Thumb Code     0  startup_stm32f10x_md.o(.text)
    __user_initial_stackheap                 0x08000201   Thumb Code     0  startup_stm32f10x_md.o(.text)
    __0sscanf                                0x08000225   Thumb Code    52  __0sscanf.o(.text)
    strlen                                   0x08000261   Thumb Code    62  strlen.o(.text)
    __use_two_region_memory                  0x0800029f   Thumb Code     2  heapauxi.o(.text)
    __rt_heap_escrow$2region                 0x080002a1   Thumb Code     2  heapauxi.o(.text)
    __rt_heap_expand$2region                 0x080002a3   Thumb Code     2  heapauxi.o(.text)
    __read_errno                             0x080002a5   Thumb Code    10  _rserrno.o(.text)
    __set_errno                              0x080002af   Thumb Code    12  _rserrno.o(.text)
    _scanf_really_real                       0x08000509   Thumb Code   684  scanf_fp.o(.text)
    __vfscanf_char                           0x080007c1   Thumb Code    24  scanf_char.o(.text)
    _sgetc                                   0x080007e1   Thumb Code    30  _sgetc.o(.text)
    _sbackspace                              0x080007ff   Thumb Code    34  _sgetc.o(.text)
    __rt_locale                              0x08000821   Thumb Code     8  rt_locale_intlibspace.o(.text)
    __aeabi_errno_addr                       0x08000829   Thumb Code     8  rt_errno_addr_intlibspace.o(.text)
    __errno$intlibspace                      0x08000829   Thumb Code     0  rt_errno_addr_intlibspace.o(.text)
    __rt_errno_addr$intlibspace              0x08000829   Thumb Code     0  rt_errno_addr_intlibspace.o(.text)
    isspace                                  0x08000831   Thumb Code    18  isspace.o(.text)
    __vfscanf                                0x08000845   Thumb Code   878  _scanf.o(.text)
    _btod_etento                             0x08000bb9   Thumb Code   224  bigflt0.o(.text)
    __user_libspace                          0x08000c9d   Thumb Code     8  libspace.o(.text)
    __user_perproc_libspace                  0x08000c9d   Thumb Code     0  libspace.o(.text)
    __user_perthread_libspace                0x08000c9d   Thumb Code     0  libspace.o(.text)
    __user_setup_stackheap                   0x08000ca5   Thumb Code    74  sys_stackheap_outer.o(.text)
    __rt_ctype_table                         0x08000cf1   Thumb Code    16  rt_ctype_table.o(.text)
    _scanf_really_hex_real                   0x08000d01   Thumb Code   786  scanf_hexfp.o(.text)
    _scanf_really_infnan                     0x08001021   Thumb Code   292  scanf_infnan.o(.text)
    exit                                     0x08001155   Thumb Code    18  exit.o(.text)
    strcmp                                   0x08001169   Thumb Code   128  strcmpv7m.o(.text)
    __aeabi_llsl                             0x080011e9   Thumb Code     0  llshl.o(.text)
    _ll_shift_l                              0x080011e9   Thumb Code    38  llshl.o(.text)
    _chval                                   0x0800120f   Thumb Code    28  _chval.o(.text)
    _sys_exit                                0x0800122d   Thumb Code     8  sys_exit.o(.text)
    __I$use$semihosting                      0x08001239   Thumb Code     0  use_no_semi.o(.text)
    __use_no_semihosting_swi                 0x08001239   Thumb Code     2  use_no_semi.o(.text)
    __btod_div_common                        0x0800123b   Thumb Code   696  btod.o(CL$$btod_div_common)
    __semihosting_library_function           0x0800123b   Thumb Code     0  indicate_semi.o(.text)
    _e2d                                     0x08001575   Thumb Code   122  btod.o(CL$$btod_e2d)
    _e2e                                     0x080015f9   Thumb Code   220  btod.o(CL$$btod_e2e)
    _btod_ediv                               0x080016d5   Thumb Code    42  btod.o(CL$$btod_ediv)
    _btod_edivd                              0x080016ff   Thumb Code    42  btod.o(CL$$btod_edivd)
    _btod_emul                               0x08001729   Thumb Code    42  btod.o(CL$$btod_emul)
    _btod_emuld                              0x08001753   Thumb Code    42  btod.o(CL$$btod_emuld)
    __btod_mult_common                       0x0800177d   Thumb Code   580  btod.o(CL$$btod_mult_common)
    Beep_Init                                0x080019c1   Thumb Code    48  beep.o(i.Beep_Init)
    BusFault_Handler                         0x080019f5   Thumb Code     4  stm32f10x_it.o(i.BusFault_Handler)
    DebugMon_Handler                         0x080019f9   Thumb Code     2  stm32f10x_it.o(i.DebugMon_Handler)
    Delay_ms                                 0x080019fb   Thumb Code    24  delay.o(i.Delay_ms)
    Delay_s                                  0x08001a13   Thumb Code    24  delay.o(i.Delay_s)
    Delay_us                                 0x08001a2b   Thumb Code    46  delay.o(i.Delay_us)
    Encoder_GetA                             0x08001a59   Thumb Code    26  encoder.o(i.Encoder_GetA)
    Encoder_GetB                             0x08001a75   Thumb Code    22  encoder.o(i.Encoder_GetB)
    Encoder_Init                             0x08001a91   Thumb Code   298  encoder.o(i.Encoder_Init)
    GPIO_Init                                0x08001bc9   Thumb Code   278  stm32f10x_gpio.o(i.GPIO_Init)
    GPIO_ReadInputDataBit                    0x08001cdf   Thumb Code    18  stm32f10x_gpio.o(i.GPIO_ReadInputDataBit)
    GPIO_ResetBits                           0x08001cf1   Thumb Code     4  stm32f10x_gpio.o(i.GPIO_ResetBits)
    GPIO_SetBits                             0x08001cf5   Thumb Code     4  stm32f10x_gpio.o(i.GPIO_SetBits)
    GPIO_WriteBit                            0x08001cf9   Thumb Code    10  stm32f10x_gpio.o(i.GPIO_WriteBit)
    Ganwei_Init                              0x08001d05   Thumb Code   108  huiduganwei.o(i.Ganwei_Init)
    GraySensor_Read                          0x08001d7d   Thumb Code   114  huiduganwei.o(i.GraySensor_Read)
    HardFault_Handler                        0x08001dfd   Thumb Code     4  stm32f10x_it.o(i.HardFault_Handler)
    Key_Init                                 0x08001e01   Thumb Code   106  key.o(i.Key_Init)
    Key_Scan                                 0x08001e79   Thumb Code  2828  main.o(i.Key_Scan)
    LED_Init                                 0x080029e5   Thumb Code   104  led.o(i.LED_Init)
    MODE_adjust                              0x08002a55   Thumb Code   186  main.o(i.MODE_adjust)
    MODE_mode                                0x08002b25   Thumb Code   232  main.o(i.MODE_mode)
    MPU6050_GetData                          0x08002c21   Thumb Code   172  mpu6050.o(i.MPU6050_GetData)
    MPU6050_Init                             0x08002ccd   Thumb Code    56  mpu6050.o(i.MPU6050_Init)
    MPU6050_ReadReg                          0x08002d05   Thumb Code    62  mpu6050.o(i.MPU6050_ReadReg)
    MPU6050_WriteReg                         0x08002d43   Thumb Code    46  mpu6050.o(i.MPU6050_WriteReg)
    MemManage_Handler                        0x08002d71   Thumb Code     4  stm32f10x_it.o(i.MemManage_Handler)
    Motor_Init                               0x08002d75   Thumb Code    44  motor.o(i.Motor_Init)
    Motor_SetSpeedA                          0x08002da5   Thumb Code    66  motor.o(i.Motor_SetSpeedA)
    Motor_SetSpeedB                          0x08002ded   Thumb Code    66  motor.o(i.Motor_SetSpeedB)
    MyI2C_Init                               0x08002e35   Thumb Code    50  myi2c.o(i.MyI2C_Init)
    MyI2C_R_SDA                              0x08002e6d   Thumb Code    24  myi2c.o(i.MyI2C_R_SDA)
    MyI2C_ReceiveAck                         0x08002e89   Thumb Code    30  myi2c.o(i.MyI2C_ReceiveAck)
    MyI2C_ReceiveByte                        0x08002ea7   Thumb Code    52  myi2c.o(i.MyI2C_ReceiveByte)
    MyI2C_SendAck                            0x08002edb   Thumb Code    24  myi2c.o(i.MyI2C_SendAck)
    MyI2C_SendByte                           0x08002ef3   Thumb Code    42  myi2c.o(i.MyI2C_SendByte)
    MyI2C_Start                              0x08002f1d   Thumb Code    28  myi2c.o(i.MyI2C_Start)
    MyI2C_Stop                               0x08002f39   Thumb Code    22  myi2c.o(i.MyI2C_Stop)
    MyI2C_W_SCL                              0x08002f51   Thumb Code    24  myi2c.o(i.MyI2C_W_SCL)
    MyI2C_W_SDA                              0x08002f6d   Thumb Code    24  myi2c.o(i.MyI2C_W_SDA)
    NMI_Handler                              0x08002f89   Thumb Code     2  stm32f10x_it.o(i.NMI_Handler)
    NVIC_Init                                0x08002f8d   Thumb Code   100  misc.o(i.NVIC_Init)
    NVIC_PriorityGroupConfig                 0x08002ffd   Thumb Code    10  misc.o(i.NVIC_PriorityGroupConfig)
    OLED_Clear                               0x08003011   Thumb Code    42  oled.o(i.OLED_Clear)
    OLED_I2C_Init                            0x0800303d   Thumb Code    96  oled.o(i.OLED_I2C_Init)
    OLED_I2C_SendByte                        0x080030a5   Thumb Code    80  oled.o(i.OLED_I2C_SendByte)
    OLED_I2C_Start                           0x080030fd   Thumb Code    48  oled.o(i.OLED_I2C_Start)
    OLED_I2C_Stop                            0x08003135   Thumb Code    36  oled.o(i.OLED_I2C_Stop)
    OLED_Init                                0x08003161   Thumb Code   174  oled.o(i.OLED_Init)
    OLED_Pow                                 0x0800320f   Thumb Code    20  oled.o(i.OLED_Pow)
    OLED_SetCursor                           0x08003223   Thumb Code    34  oled.o(i.OLED_SetCursor)
    OLED_ShowChar                            0x08003245   Thumb Code   110  oled.o(i.OLED_ShowChar)
    OLED_ShowNum                             0x080032b9   Thumb Code    68  oled.o(i.OLED_ShowNum)
    OLED_ShowString                          0x080032fd   Thumb Code    40  oled.o(i.OLED_ShowString)
    OLED_WriteCommand                        0x08003325   Thumb Code    32  oled.o(i.OLED_WriteCommand)
    OLED_WriteData                           0x08003345   Thumb Code    32  oled.o(i.OLED_WriteData)
    PID_Init                                 0x08003365   Thumb Code    20  pid.o(i.PID_Init)
    PID_Updata1                              0x08003379   Thumb Code   164  pid.o(i.PID_Updata1)
    PID_Updata4                              0x08003425   Thumb Code   164  pid.o(i.PID_Updata4)
    PWM_Init                                 0x080034d1   Thumb Code   146  pwm.o(i.PWM_Init)
    PWM_SetCompare1                          0x0800356d   Thumb Code    14  pwm.o(i.PWM_SetCompare1)
    PWM_SetCompare2                          0x08003581   Thumb Code    14  pwm.o(i.PWM_SetCompare2)
    PendSV_Handler                           0x08003595   Thumb Code     2  stm32f10x_it.o(i.PendSV_Handler)
    Position_Cycle                           0x08003597   Thumb Code    62  pid.o(i.Position_Cycle)
    RCC_APB1PeriphClockCmd                   0x080035d5   Thumb Code    26  stm32f10x_rcc.o(i.RCC_APB1PeriphClockCmd)
    RCC_APB2PeriphClockCmd                   0x080035f5   Thumb Code    26  stm32f10x_rcc.o(i.RCC_APB2PeriphClockCmd)
    RCC_GetClocksFreq                        0x08003615   Thumb Code   192  stm32f10x_rcc.o(i.RCC_GetClocksFreq)
    SVC_Handler                              0x080036e9   Thumb Code     2  stm32f10x_it.o(i.SVC_Handler)
    Serial_Init                              0x080036ed   Thumb Code   172  serial.o(i.Serial_Init)
    Serial_ProcessCommand                    0x080037a1   Thumb Code   548  serial.o(i.Serial_ProcessCommand)
    Serial_SendByte                          0x08003a09   Thumb Code    28  serial.o(i.Serial_SendByte)
    Serial_SendString                        0x08003a29   Thumb Code    26  serial.o(i.Serial_SendString)
    SysTick_Handler                          0x08003b2d   Thumb Code     2  stm32f10x_it.o(i.SysTick_Handler)
    SystemInit                               0x08003b31   Thumb Code    78  system_stm32f10x.o(i.SystemInit)
    TIM1_UP_IRQHandler                       0x08003dd1   Thumb Code    76  main.o(i.TIM1_UP_IRQHandler)
    TIM_ClearFlag                            0x08003e39   Thumb Code     6  stm32f10x_tim.o(i.TIM_ClearFlag)
    TIM_ClearITPendingBit                    0x08003e3f   Thumb Code     6  stm32f10x_tim.o(i.TIM_ClearITPendingBit)
    TIM_Cmd                                  0x08003e45   Thumb Code    24  stm32f10x_tim.o(i.TIM_Cmd)
    TIM_EncoderInterfaceConfig               0x08003e5d   Thumb Code    66  stm32f10x_tim.o(i.TIM_EncoderInterfaceConfig)
    TIM_GetCounter                           0x08003e9f   Thumb Code     6  stm32f10x_tim.o(i.TIM_GetCounter)
    TIM_GetITStatus                          0x08003ea5   Thumb Code    34  stm32f10x_tim.o(i.TIM_GetITStatus)
    TIM_ICInit                               0x08003ec9   Thumb Code   150  stm32f10x_tim.o(i.TIM_ICInit)
    TIM_ICStructInit                         0x08003f75   Thumb Code    18  stm32f10x_tim.o(i.TIM_ICStructInit)
    TIM_ITConfig                             0x08003f87   Thumb Code    18  stm32f10x_tim.o(i.TIM_ITConfig)
    TIM_InternalClockConfig                  0x08003f99   Thumb Code    12  stm32f10x_tim.o(i.TIM_InternalClockConfig)
    TIM_OC1Init                              0x08003fa5   Thumb Code   132  stm32f10x_tim.o(i.TIM_OC1Init)
    TIM_OC2Init                              0x0800403d   Thumb Code   154  stm32f10x_tim.o(i.TIM_OC2Init)
    TIM_OCStructInit                         0x080040e1   Thumb Code    20  stm32f10x_tim.o(i.TIM_OCStructInit)
    TIM_SetCompare1                          0x080040f5   Thumb Code     4  stm32f10x_tim.o(i.TIM_SetCompare1)
    TIM_SetCompare2                          0x080040f9   Thumb Code     4  stm32f10x_tim.o(i.TIM_SetCompare2)
    TIM_SetCounter                           0x080040fd   Thumb Code     4  stm32f10x_tim.o(i.TIM_SetCounter)
    TIM_SetIC1Prescaler                      0x08004101   Thumb Code    18  stm32f10x_tim.o(i.TIM_SetIC1Prescaler)
    TIM_SetIC2Prescaler                      0x08004113   Thumb Code    26  stm32f10x_tim.o(i.TIM_SetIC2Prescaler)
    TIM_SetIC3Prescaler                      0x0800412d   Thumb Code    18  stm32f10x_tim.o(i.TIM_SetIC3Prescaler)
    TIM_SetIC4Prescaler                      0x0800413f   Thumb Code    26  stm32f10x_tim.o(i.TIM_SetIC4Prescaler)
    TIM_TimeBaseInit                         0x08004159   Thumb Code   122  stm32f10x_tim.o(i.TIM_TimeBaseInit)
    Timer_Init                               0x080041fd   Thumb Code   118  timer.o(i.Timer_Init)
    USART2_IRQHandler                        0x08004279   Thumb Code   158  serial.o(i.USART2_IRQHandler)
    USART_ClearITPendingBit                  0x08004331   Thumb Code    30  stm32f10x_usart.o(i.USART_ClearITPendingBit)
    USART_Cmd                                0x0800434f   Thumb Code    24  stm32f10x_usart.o(i.USART_Cmd)
    USART_GetFlagStatus                      0x08004367   Thumb Code    26  stm32f10x_usart.o(i.USART_GetFlagStatus)
    USART_GetITStatus                        0x08004381   Thumb Code    84  stm32f10x_usart.o(i.USART_GetITStatus)
    USART_ITConfig                           0x080043d5   Thumb Code    74  stm32f10x_usart.o(i.USART_ITConfig)
    USART_Init                               0x08004421   Thumb Code   210  stm32f10x_usart.o(i.USART_Init)
    USART_ReceiveData                        0x080044f9   Thumb Code    10  stm32f10x_usart.o(i.USART_ReceiveData)
    USART_SendData                           0x08004503   Thumb Code     8  stm32f10x_usart.o(i.USART_SendData)
    UsageFault_Handler                       0x0800450b   Thumb Code     4  stm32f10x_it.o(i.UsageFault_Handler)
    Yaw_Cycle                                0x08004511   Thumb Code    68  pid.o(i.Yaw_Cycle)
    Yaw_Cycle1                               0x08004559   Thumb Code    68  pid.o(i.Yaw_Cycle1)
    __ARM_fpclassifyf                        0x080045a1   Thumb Code    38  fpclassifyf.o(i.__ARM_fpclassifyf)
    __mathlib_dbl_overflow                   0x080045c7   Thumb Code    14  dunder.o(i.__mathlib_dbl_overflow)
    __mathlib_dbl_underflow                  0x080045d5   Thumb Code    10  dunder.o(i.__mathlib_dbl_underflow)
    __mathlib_flt_infnan                     0x080045e5   Thumb Code     6  funder.o(i.__mathlib_flt_infnan)
    __mathlib_flt_infnan2                    0x080045eb   Thumb Code     4  funder.o(i.__mathlib_flt_infnan2)
    __mathlib_flt_invalid                    0x080045ef   Thumb Code     8  funder.o(i.__mathlib_flt_invalid)
    __mathlib_flt_underflow                  0x080045f7   Thumb Code    10  funder.o(i.__mathlib_flt_underflow)
    __mathlib_narrow                         0x08004601   Thumb Code    16  narrow.o(i.__mathlib_narrow)
    __mathlib_tofloat                        0x08004611   Thumb Code   184  narrow.o(i.__mathlib_tofloat)
    __support_ldexp                          0x080046cd   Thumb Code    22  ldexp.o(i.__support_ldexp)
    _is_digit                                0x080046e3   Thumb Code    14  __printf_wp.o(i._is_digit)
    asinf                                    0x080046f1   Thumb Code   254  asinf.o(i.asinf)
    atan2f                                   0x08004815   Thumb Code   528  atan2f.o(i.atan2f)
    begin                                    0x08004a71   Thumb Code    20  madgwick.o(i.begin)
    computeAngles                            0x08004a89   Thumb Code   244  madgwick.o(i.computeAngles)
    dataGetAndFilter                         0x08004b9d   Thumb Code   104  main.o(i.dataGetAndFilter)
    dataGetERROR                             0x08004c0d   Thumb Code   206  main.o(i.dataGetERROR)
    frexp                                    0x08004cf1   Thumb Code    80  frexp.o(i.frexp)
    getMPU6050Data                           0x08004d49   Thumb Code   388  main.o(i.getMPU6050Data)
    getYaw                                   0x08004f05   Thumb Code    32  madgwick.o(i.getYaw)
    ldexp                                    0x08004fa5   Thumb Code   116  ldexp.o(i.ldexp)
    main                                     0x08005019   Thumb Code   156  main.o(i.main)
    sqrtf                                    0x080050c5   Thumb Code    44  sqrtf.o(i.sqrtf)
    updateIMU                                0x080050f1   Thumb Code  1474  madgwick.o(i.updateIMU)
    _get_lc_numeric                          0x080056d1   Thumb Code    44  lc_numeric_c.o(locale$$code)
    _get_lc_ctype                            0x080056fd   Thumb Code    44  lc_ctype_c.o(locale$$code)
    __aeabi_d2f                              0x08005729   Thumb Code     0  d2f.o(x$fpl$d2f)
    _d2f                                     0x08005729   Thumb Code    98  d2f.o(x$fpl$d2f)
    __aeabi_dadd                             0x0800578d   Thumb Code     0  daddsub_clz.o(x$fpl$dadd)
    _dadd                                    0x0800578d   Thumb Code   332  daddsub_clz.o(x$fpl$dadd)
    __fpl_dcheck_NaN1                        0x080058dd   Thumb Code    10  dcheck1.o(x$fpl$dcheck1)
    __fpl_dcmp_Inf                           0x080058ed   Thumb Code    24  dcmpi.o(x$fpl$dcmpinf)
    __aeabi_cdcmpeq                          0x08005905   Thumb Code     0  deqf.o(x$fpl$deqf)
    _dcmpeq                                  0x08005905   Thumb Code   120  deqf.o(x$fpl$deqf)
    __aeabi_cdcmple                          0x0800597d   Thumb Code     0  dleqf.o(x$fpl$dleqf)
    _dcmple                                  0x0800597d   Thumb Code   120  dleqf.o(x$fpl$dleqf)
    __fpl_dcmple_InfNaN                      0x080059df   Thumb Code     0  dleqf.o(x$fpl$dleqf)
    __aeabi_dmul                             0x080059f5   Thumb Code     0  dmul.o(x$fpl$dmul)
    _dmul                                    0x080059f5   Thumb Code   332  dmul.o(x$fpl$dmul)
    __fpl_dnaninf                            0x08005b49   Thumb Code   156  dnaninf.o(x$fpl$dnaninf)
    __fpl_dretinf                            0x08005be5   Thumb Code    12  dretinf.o(x$fpl$dretinf)
    __aeabi_cdrcmple                         0x08005bf1   Thumb Code     0  drleqf.o(x$fpl$drleqf)
    _drcmple                                 0x08005bf1   Thumb Code   108  drleqf.o(x$fpl$drleqf)
    __aeabi_dsub                             0x08005c5d   Thumb Code     0  daddsub_clz.o(x$fpl$dsub)
    _dsub                                    0x08005c5d   Thumb Code   464  daddsub_clz.o(x$fpl$dsub)
    __aeabi_f2d                              0x08005e31   Thumb Code     0  f2d.o(x$fpl$f2d)
    _f2d                                     0x08005e31   Thumb Code    86  f2d.o(x$fpl$f2d)
    __aeabi_fadd                             0x08005e89   Thumb Code     0  faddsub_clz.o(x$fpl$fadd)
    _fadd                                    0x08005e89   Thumb Code   196  faddsub_clz.o(x$fpl$fadd)
    __fpl_fcheck_NaN1                        0x08005f4d   Thumb Code     6  fcheck1.o(x$fpl$fcheck1)
    __fpl_fcmp_Inf                           0x08005f59   Thumb Code    24  fcmpi.o(x$fpl$fcmpinf)
    __aeabi_fdiv                             0x08005f71   Thumb Code     0  fdiv.o(x$fpl$fdiv)
    _fdiv                                    0x08005f71   Thumb Code   384  fdiv.o(x$fpl$fdiv)
    __aeabi_cfcmpeq                          0x080060f5   Thumb Code     0  feqf.o(x$fpl$feqf)
    _fcmpeq                                  0x080060f5   Thumb Code   104  feqf.o(x$fpl$feqf)
    __aeabi_f2uiz                            0x0800615d   Thumb Code     0  ffixu.o(x$fpl$ffixu)
    _ffixu                                   0x0800615d   Thumb Code    62  ffixu.o(x$fpl$ffixu)
    __aeabi_i2f                              0x0800619d   Thumb Code     0  fflt_clz.o(x$fpl$fflt)
    _fflt                                    0x0800619d   Thumb Code    48  fflt_clz.o(x$fpl$fflt)
    __aeabi_ui2f                             0x080061cd   Thumb Code     0  fflt_clz.o(x$fpl$ffltu)
    _ffltu                                   0x080061cd   Thumb Code    38  fflt_clz.o(x$fpl$ffltu)
    __aeabi_cfcmple                          0x080061f5   Thumb Code     0  fleqf.o(x$fpl$fleqf)
    _fcmple                                  0x080061f5   Thumb Code   104  fleqf.o(x$fpl$fleqf)
    __fpl_fcmple_InfNaN                      0x08006247   Thumb Code     0  fleqf.o(x$fpl$fleqf)
    __aeabi_fmul                             0x0800625d   Thumb Code     0  fmul.o(x$fpl$fmul)
    _fmul                                    0x0800625d   Thumb Code   258  fmul.o(x$fpl$fmul)
    __fpl_fnaninf                            0x0800635f   Thumb Code   140  fnaninf.o(x$fpl$fnaninf)
    __fpl_fretinf                            0x080063eb   Thumb Code    10  fretinf.o(x$fpl$fretinf)
    __aeabi_cfrcmple                         0x080063f5   Thumb Code     0  frleqf.o(x$fpl$frleqf)
    _frcmple                                 0x080063f5   Thumb Code    98  frleqf.o(x$fpl$frleqf)
    __aeabi_frsub                            0x08006457   Thumb Code     0  faddsub_clz.o(x$fpl$frsb)
    _frsb                                    0x08006457   Thumb Code    20  faddsub_clz.o(x$fpl$frsb)
    _fsqrt                                   0x0800646d   Thumb Code   272  fsqrt.o(x$fpl$fsqrt)
    __aeabi_fsub                             0x0800657d   Thumb Code     0  faddsub_clz.o(x$fpl$fsub)
    _fsub                                    0x0800657d   Thumb Code   234  faddsub_clz.o(x$fpl$fsub)
    __ieee_status                            0x08006667   Thumb Code     6  istatus.o(x$fpl$ieeestatus)
    __fpl_return_NaN                         0x0800666d   Thumb Code   100  retnan.o(x$fpl$retnan)
    __ARM_scalbn                             0x080066d1   Thumb Code    92  scalbn.o(x$fpl$scalbn)
    __ARM_scalbnf                            0x0800672d   Thumb Code    76  scalbnf.o(x$fpl$scalbnf)
    _scanf_real                              0x08006779   Thumb Code     4  scanf1.o(x$fpl$scanf1)
    _scanf_hex_real                          0x0800677d   Thumb Code     4  scanf2.o(x$fpl$scanf2)
    _scanf_infnan                            0x08006781   Thumb Code     4  scanf2.o(x$fpl$scanf2)
    __fpl_cmpreturn                          0x08006785   Thumb Code    48  trapv.o(x$fpl$trapveneer)
    OLED_F8x16                               0x080067b4   Data        1520  oled.o(.constdata)
    __I$use$fp                               0x080067b4   Number         0  usenofp.o(x$fpl$usenofp)
    Region$$Table$$Base                      0x08006e8c   Number         0  anon$$obj.o(Region$$Table)
    Region$$Table$$Limit                     0x08006eac   Number         0  anon$$obj.o(Region$$Table)
    __aeabi_HUGE_VAL                         0x08006eac   Data           0  fpconst.o(c$$dinf)
    __aeabi_HUGE_VALL                        0x08006eac   Data           0  fpconst.o(c$$dinf)
    __aeabi_INFINITY                         0x08006eac   Data           0  fpconst.o(c$$dinf)
    __dInf                                   0x08006eac   Data           0  fpconst.o(c$$dinf)
    __huge_val                               0x08006eac   Data           0  fpconst.o(c$$dinf)
    __dbl_max                                0x08006eb4   Data           0  fpconst.o(c$$dmax)
    __ctype                                  0x08006ee5   Data           0  lc_ctype_c.o(locale$$data)
    Serial_RxFlag                            0x20000014   Data           1  serial.o(.data)
    yaw2                                     0x20000018   Data           4  pid.o(.data)
    beta                                     0x2000001c   Data           4  madgwick.o(.data)
    q0                                       0x20000020   Data           4  madgwick.o(.data)
    q1                                       0x20000024   Data           4  madgwick.o(.data)
    q2                                       0x20000028   Data           4  madgwick.o(.data)
    q3                                       0x2000002c   Data           4  madgwick.o(.data)
    invSampleFreq                            0x20000030   Data           4  madgwick.o(.data)
    roll                                     0x20000034   Data           4  madgwick.o(.data)
    pitch                                    0x20000038   Data           4  madgwick.o(.data)
    yaw                                      0x2000003c   Data           4  madgwick.o(.data)
    anglesComputed                           0x20000040   Data           1  madgwick.o(.data)
    SpeedA2                                  0x20000048   Data           2  main.o(.data)
    SpeedB2                                  0x2000004a   Data           2  main.o(.data)
    millis                                   0x20000050   Data           8  main.o(.data)
    i                                        0x20000058   Data           1  main.o(.data)
    sensorValue1                             0x2000005a   Data           2  main.o(.data)
    KeyNum                                   0x2000005c   Data           1  main.o(.data)
    SpeedA                                   0x2000005d   Data           1  main.o(.data)
    SpeedB                                   0x2000005e   Data           1  main.o(.data)
    SpeedA1                                  0x20000060   Data           2  main.o(.data)
    SpeedB1                                  0x20000062   Data           2  main.o(.data)
    Flag                                     0x20000064   Data           2  main.o(.data)
    Flag1                                    0x20000066   Data           2  main.o(.data)
    Flag2                                    0x20000068   Data           2  main.o(.data)
    Flag3                                    0x2000006a   Data           2  main.o(.data)
    Flag4                                    0x2000006c   Data           2  main.o(.data)
    Flag5                                    0x2000006e   Data           2  main.o(.data)
    Flag6                                    0x20000070   Data           2  main.o(.data)
    SA                                       0x20000072   Data           2  main.o(.data)
    SB                                       0x20000074   Data           2  main.o(.data)
    sensorState1                             0x20000076   Data           8  main.o(.data)
    Error                                    0x20000080   Data           4  main.o(.data)
    yaw1                                     0x20000084   Data           4  main.o(.data)
    yaw4                                     0x20000088   Data           4  main.o(.data)
    yaw3                                     0x2000008c   Data           4  main.o(.data)
    Count                                    0x20000090   Data           2  main.o(.data)
    Count1                                   0x20000092   Data           2  main.o(.data)
    Count2                                   0x20000094   Data           2  main.o(.data)
    Count3                                   0x20000096   Data           2  main.o(.data)
    Count4                                   0x20000098   Data           2  main.o(.data)
    Distance1                                0x2000009c   Data           4  main.o(.data)
    Distance                                 0x200000a0   Data           4  main.o(.data)
    Distance2                                0x200000a4   Data           4  main.o(.data)
    Speederror                               0x200000a8   Data           4  main.o(.data)
    Speederror1                              0x200000ac   Data           4  main.o(.data)
    Speederror2                              0x200000b0   Data           4  main.o(.data)
    ID                                       0x200000b4   Data           1  main.o(.data)
    AX                                       0x200000b6   Data           2  main.o(.data)
    AY                                       0x200000b8   Data           2  main.o(.data)
    AZ                                       0x200000ba   Data           2  main.o(.data)
    GX                                       0x200000bc   Data           2  main.o(.data)
    GY                                       0x200000be   Data           2  main.o(.data)
    GZ                                       0x200000c0   Data           2  main.o(.data)
    mpu6050                                  0x200000c8   Data          40  main.o(.data)
    key_set                                  0x200000f0   Data           1  main.o(.data)
    key_up                                   0x200000f1   Data           1  main.o(.data)
    key_down                                 0x200000f2   Data           1  main.o(.data)
    menu                                     0x200000f4   Data          48  main.o(.data)
    set_state                                0x20000124   Data           1  main.o(.data)
    blink_flag                               0x20000125   Data           1  main.o(.data)
    menu_state                               0x20000126   Data           1  main.o(.data)
    up_state                                 0x20000127   Data           1  main.o(.data)
    down_state                               0x20000128   Data           1  main.o(.data)
    back_state                               0x20000129   Data           1  main.o(.data)
    mode_state                               0x2000012a   Data           1  main.o(.data)
    adjust_state                             0x2000012b   Data           1  main.o(.data)
    press_time                               0x2000012c   Data           4  main.o(.data)
    yaw_arguments                            0x20000134   Data          12  serial.o(.bss)
    speed_arguments                          0x20000140   Data          12  serial.o(.bss)
    position_arguments                       0x2000014c   Data          12  serial.o(.bss)
    Serial_RxPacket                          0x20000158   Data         100  serial.o(.bss)
    msg                                      0x200001bc   Data          24  main.o(.bss)
    __libspace_start                         0x200001d4   Data          96  libspace.o(.bss)
    __temporary_stack_top$libspace           0x20000234   Data           0  libspace.o(.bss)



==============================================================================

Memory Map of the image

  Image Entry point : 0x080000ed

  Load Region LR_IROM1 (Base: 0x08000000, Size: 0x0000711c, Max: 0x00010000, ABSOLUTE, COMPRESSED[0x00007034])

    Execution Region ER_IROM1 (Exec base: 0x08000000, Load base: 0x08000000, Size: 0x00006fe8, Max: 0x00010000, ABSOLUTE)

    Exec Addr    Load Addr    Size         Type   Attr      Idx    E Section Name        Object

    0x08000000   0x08000000   0x000000ec   Data   RO            3    RESET               startup_stm32f10x_md.o
    0x080000ec   0x080000ec   0x00000008   Code   RO         4080  * !!!main             c_w.l(__main.o)
    0x080000f4   0x080000f4   0x00000034   Code   RO         4593    !!!scatter          c_w.l(__scatter.o)
    0x08000128   0x08000128   0x0000005a   Code   RO         4591    !!dczerorl2         c_w.l(__dczerorl2.o)
    0x08000182   0x08000182   0x00000002   PAD
    0x08000184   0x08000184   0x0000001c   Code   RO         4595    !!handler_zi        c_w.l(__scatter_zi.o)
    0x080001a0   0x080001a0   0x00000002   Code   RO         4404    .ARM.Collect$$libinit$$00000000  c_w.l(libinit.o)
    0x080001a2   0x080001a2   0x00000000   Code   RO         4406    .ARM.Collect$$libinit$$00000002  c_w.l(libinit2.o)
    0x080001a2   0x080001a2   0x00000000   Code   RO         4408    .ARM.Collect$$libinit$$00000004  c_w.l(libinit2.o)
    0x080001a2   0x080001a2   0x00000000   Code   RO         4411    .ARM.Collect$$libinit$$0000000A  c_w.l(libinit2.o)
    0x080001a2   0x080001a2   0x00000000   Code   RO         4413    .ARM.Collect$$libinit$$0000000C  c_w.l(libinit2.o)
    0x080001a2   0x080001a2   0x00000000   Code   RO         4415    .ARM.Collect$$libinit$$0000000E  c_w.l(libinit2.o)
    0x080001a2   0x080001a2   0x00000006   Code   RO         4416    .ARM.Collect$$libinit$$0000000F  c_w.l(libinit2.o)
    0x080001a8   0x080001a8   0x00000000   Code   RO         4418    .ARM.Collect$$libinit$$00000011  c_w.l(libinit2.o)
    0x080001a8   0x080001a8   0x0000000c   Code   RO         4419    .ARM.Collect$$libinit$$00000012  c_w.l(libinit2.o)
    0x080001b4   0x080001b4   0x00000000   Code   RO         4420    .ARM.Collect$$libinit$$00000013  c_w.l(libinit2.o)
    0x080001b4   0x080001b4   0x00000000   Code   RO         4422    .ARM.Collect$$libinit$$00000015  c_w.l(libinit2.o)
    0x080001b4   0x080001b4   0x0000000a   Code   RO         4423    .ARM.Collect$$libinit$$00000016  c_w.l(libinit2.o)
    0x080001be   0x080001be   0x00000000   Code   RO         4424    .ARM.Collect$$libinit$$00000017  c_w.l(libinit2.o)
    0x080001be   0x080001be   0x00000000   Code   RO         4426    .ARM.Collect$$libinit$$00000019  c_w.l(libinit2.o)
    0x080001be   0x080001be   0x00000000   Code   RO         4428    .ARM.Collect$$libinit$$0000001B  c_w.l(libinit2.o)
    0x080001be   0x080001be   0x00000000   Code   RO         4430    .ARM.Collect$$libinit$$0000001D  c_w.l(libinit2.o)
    0x080001be   0x080001be   0x00000000   Code   RO         4432    .ARM.Collect$$libinit$$0000001F  c_w.l(libinit2.o)
    0x080001be   0x080001be   0x00000000   Code   RO         4434    .ARM.Collect$$libinit$$00000021  c_w.l(libinit2.o)
    0x080001be   0x080001be   0x00000000   Code   RO         4436    .ARM.Collect$$libinit$$00000023  c_w.l(libinit2.o)
    0x080001be   0x080001be   0x00000000   Code   RO         4438    .ARM.Collect$$libinit$$00000025  c_w.l(libinit2.o)
    0x080001be   0x080001be   0x00000000   Code   RO         4442    .ARM.Collect$$libinit$$0000002C  c_w.l(libinit2.o)
    0x080001be   0x080001be   0x00000000   Code   RO         4444    .ARM.Collect$$libinit$$0000002E  c_w.l(libinit2.o)
    0x080001be   0x080001be   0x00000000   Code   RO         4446    .ARM.Collect$$libinit$$00000030  c_w.l(libinit2.o)
    0x080001be   0x080001be   0x00000000   Code   RO         4448    .ARM.Collect$$libinit$$00000032  c_w.l(libinit2.o)
    0x080001be   0x080001be   0x00000002   Code   RO         4449    .ARM.Collect$$libinit$$00000033  c_w.l(libinit2.o)
    0x080001c0   0x080001c0   0x00000002   Code   RO         4535    .ARM.Collect$$libshutdown$$00000000  c_w.l(libshutdown.o)
    0x080001c2   0x080001c2   0x00000000   Code   RO         4550    .ARM.Collect$$libshutdown$$00000002  c_w.l(libshutdown2.o)
    0x080001c2   0x080001c2   0x00000000   Code   RO         4552    .ARM.Collect$$libshutdown$$00000004  c_w.l(libshutdown2.o)
    0x080001c2   0x080001c2   0x00000000   Code   RO         4555    .ARM.Collect$$libshutdown$$00000007  c_w.l(libshutdown2.o)
    0x080001c2   0x080001c2   0x00000000   Code   RO         4558    .ARM.Collect$$libshutdown$$0000000A  c_w.l(libshutdown2.o)
    0x080001c2   0x080001c2   0x00000000   Code   RO         4560    .ARM.Collect$$libshutdown$$0000000C  c_w.l(libshutdown2.o)
    0x080001c2   0x080001c2   0x00000000   Code   RO         4563    .ARM.Collect$$libshutdown$$0000000F  c_w.l(libshutdown2.o)
    0x080001c2   0x080001c2   0x00000002   Code   RO         4564    .ARM.Collect$$libshutdown$$00000010  c_w.l(libshutdown2.o)
    0x080001c4   0x080001c4   0x00000000   Code   RO         4148    .ARM.Collect$$rtentry$$00000000  c_w.l(__rtentry.o)
    0x080001c4   0x080001c4   0x00000000   Code   RO         4288    .ARM.Collect$$rtentry$$00000002  c_w.l(__rtentry2.o)
    0x080001c4   0x080001c4   0x00000006   Code   RO         4300    .ARM.Collect$$rtentry$$00000004  c_w.l(__rtentry4.o)
    0x080001ca   0x080001ca   0x00000000   Code   RO         4290    .ARM.Collect$$rtentry$$00000009  c_w.l(__rtentry2.o)
    0x080001ca   0x080001ca   0x00000004   Code   RO         4291    .ARM.Collect$$rtentry$$0000000A  c_w.l(__rtentry2.o)
    0x080001ce   0x080001ce   0x00000000   Code   RO         4293    .ARM.Collect$$rtentry$$0000000C  c_w.l(__rtentry2.o)
    0x080001ce   0x080001ce   0x00000008   Code   RO         4294    .ARM.Collect$$rtentry$$0000000D  c_w.l(__rtentry2.o)
    0x080001d6   0x080001d6   0x00000002   Code   RO         4462    .ARM.Collect$$rtexit$$00000000  c_w.l(rtexit.o)
    0x080001d8   0x080001d8   0x00000000   Code   RO         4496    .ARM.Collect$$rtexit$$00000002  c_w.l(rtexit2.o)
    0x080001d8   0x080001d8   0x00000004   Code   RO         4497    .ARM.Collect$$rtexit$$00000003  c_w.l(rtexit2.o)
    0x080001dc   0x080001dc   0x00000006   Code   RO         4498    .ARM.Collect$$rtexit$$00000004  c_w.l(rtexit2.o)
    0x080001e2   0x080001e2   0x00000002   PAD
    0x080001e4   0x080001e4   0x00000040   Code   RO            4    .text               startup_stm32f10x_md.o
    0x08000224   0x08000224   0x0000003c   Code   RO         4074    .text               c_w.l(__0sscanf.o)
    0x08000260   0x08000260   0x0000003e   Code   RO         4076    .text               c_w.l(strlen.o)
    0x0800029e   0x0800029e   0x00000006   Code   RO         4078    .text               c_w.l(heapauxi.o)
    0x080002a4   0x080002a4   0x00000016   Code   RO         4149    .text               c_w.l(_rserrno.o)
    0x080002ba   0x080002ba   0x00000002   PAD
    0x080002bc   0x080002bc   0x000004f8   Code   RO         4242    .text               c_w.l(scanf_fp.o)
    0x080007b4   0x080007b4   0x0000002c   Code   RO         4244    .text               c_w.l(scanf_char.o)
    0x080007e0   0x080007e0   0x00000040   Code   RO         4246    .text               c_w.l(_sgetc.o)
    0x08000820   0x08000820   0x00000008   Code   RO         4305    .text               c_w.l(rt_locale_intlibspace.o)
    0x08000828   0x08000828   0x00000008   Code   RO         4310    .text               c_w.l(rt_errno_addr_intlibspace.o)
    0x08000830   0x08000830   0x00000012   Code   RO         4314    .text               c_w.l(isspace.o)
    0x08000842   0x08000842   0x00000002   PAD
    0x08000844   0x08000844   0x00000374   Code   RO         4330    .text               c_w.l(_scanf.o)
    0x08000bb8   0x08000bb8   0x000000e4   Code   RO         4332    .text               c_w.l(bigflt0.o)
    0x08000c9c   0x08000c9c   0x00000008   Code   RO         4382    .text               c_w.l(libspace.o)
    0x08000ca4   0x08000ca4   0x0000004a   Code   RO         4385    .text               c_w.l(sys_stackheap_outer.o)
    0x08000cee   0x08000cee   0x00000002   PAD
    0x08000cf0   0x08000cf0   0x00000010   Code   RO         4387    .text               c_w.l(rt_ctype_table.o)
    0x08000d00   0x08000d00   0x00000320   Code   RO         4391    .text               c_w.l(scanf_hexfp.o)
    0x08001020   0x08001020   0x00000134   Code   RO         4393    .text               c_w.l(scanf_infnan.o)
    0x08001154   0x08001154   0x00000012   Code   RO         4395    .text               c_w.l(exit.o)
    0x08001166   0x08001166   0x00000002   PAD
    0x08001168   0x08001168   0x00000080   Code   RO         4397    .text               c_w.l(strcmpv7m.o)
    0x080011e8   0x080011e8   0x00000026   Code   RO         4464    .text               c_w.l(llshl.o)
    0x0800120e   0x0800120e   0x0000001c   Code   RO         4466    .text               c_w.l(_chval.o)
    0x0800122a   0x0800122a   0x00000002   PAD
    0x0800122c   0x0800122c   0x0000000c   Code   RO         4525    .text               c_w.l(sys_exit.o)
    0x08001238   0x08001238   0x00000002   Code   RO         4540    .text               c_w.l(use_no_semi.o)
    0x0800123a   0x0800123a   0x00000000   Code   RO         4542    .text               c_w.l(indicate_semi.o)
    0x0800123a   0x0800123a   0x00000338   Code   RO         4345    CL$$btod_div_common  c_w.l(btod.o)
    0x08001572   0x08001572   0x00000002   PAD
    0x08001574   0x08001574   0x00000084   Code   RO         4343    CL$$btod_e2d        c_w.l(btod.o)
    0x080015f8   0x080015f8   0x000000dc   Code   RO         4342    CL$$btod_e2e        c_w.l(btod.o)
    0x080016d4   0x080016d4   0x0000002a   Code   RO         4339    CL$$btod_ediv       c_w.l(btod.o)
    0x080016fe   0x080016fe   0x0000002a   Code   RO         4341    CL$$btod_edivd      c_w.l(btod.o)
    0x08001728   0x08001728   0x0000002a   Code   RO         4338    CL$$btod_emul       c_w.l(btod.o)
    0x08001752   0x08001752   0x0000002a   Code   RO         4340    CL$$btod_emuld      c_w.l(btod.o)
    0x0800177c   0x0800177c   0x00000244   Code   RO         4344    CL$$btod_mult_common  c_w.l(btod.o)
    0x080019c0   0x080019c0   0x00000034   Code   RO         3874    i.Beep_Init         beep.o
    0x080019f4   0x080019f4   0x00000004   Code   RO         4007    i.BusFault_Handler  stm32f10x_it.o
    0x080019f8   0x080019f8   0x00000002   Code   RO         4008    i.DebugMon_Handler  stm32f10x_it.o
    0x080019fa   0x080019fa   0x00000018   Code   RO         3196    i.Delay_ms          delay.o
    0x08001a12   0x08001a12   0x00000018   Code   RO         3197    i.Delay_s           delay.o
    0x08001a2a   0x08001a2a   0x0000002e   Code   RO         3198    i.Delay_us          delay.o
    0x08001a58   0x08001a58   0x0000001a   Code   RO         3481    i.Encoder_GetA      encoder.o
    0x08001a72   0x08001a72   0x00000002   PAD
    0x08001a74   0x08001a74   0x0000001c   Code   RO         3482    i.Encoder_GetB      encoder.o
    0x08001a90   0x08001a90   0x00000138   Code   RO         3483    i.Encoder_Init      encoder.o
    0x08001bc8   0x08001bc8   0x00000116   Code   RO         1347    i.GPIO_Init         stm32f10x_gpio.o
    0x08001cde   0x08001cde   0x00000012   Code   RO         1351    i.GPIO_ReadInputDataBit  stm32f10x_gpio.o
    0x08001cf0   0x08001cf0   0x00000004   Code   RO         1354    i.GPIO_ResetBits    stm32f10x_gpio.o
    0x08001cf4   0x08001cf4   0x00000004   Code   RO         1355    i.GPIO_SetBits      stm32f10x_gpio.o
    0x08001cf8   0x08001cf8   0x0000000a   Code   RO         1358    i.GPIO_WriteBit     stm32f10x_gpio.o
    0x08001d02   0x08001d02   0x00000002   PAD
    0x08001d04   0x08001d04   0x00000078   Code   RO         3633    i.Ganwei_Init       huiduganwei.o
    0x08001d7c   0x08001d7c   0x00000080   Code   RO         3634    i.GraySensor_Read   huiduganwei.o
    0x08001dfc   0x08001dfc   0x00000004   Code   RO         4009    i.HardFault_Handler  stm32f10x_it.o
    0x08001e00   0x08001e00   0x00000078   Code   RO         3304    i.Key_Init          key.o
    0x08001e78   0x08001e78   0x00000b6c   Code   RO         3899    i.Key_Scan          main.o
    0x080029e4   0x080029e4   0x00000070   Code   RO         3242    i.LED_Init          led.o
    0x08002a54   0x08002a54   0x000000d0   Code   RO         3900    i.MODE_adjust       main.o
    0x08002b24   0x08002b24   0x000000fc   Code   RO         3901    i.MODE_mode         main.o
    0x08002c20   0x08002c20   0x000000ac   Code   RO         3505    i.MPU6050_GetData   mpu6050.o
    0x08002ccc   0x08002ccc   0x00000038   Code   RO         3506    i.MPU6050_Init      mpu6050.o
    0x08002d04   0x08002d04   0x0000003e   Code   RO         3507    i.MPU6050_ReadReg   mpu6050.o
    0x08002d42   0x08002d42   0x0000002e   Code   RO         3508    i.MPU6050_WriteReg  mpu6050.o
    0x08002d70   0x08002d70   0x00000004   Code   RO         4010    i.MemManage_Handler  stm32f10x_it.o
    0x08002d74   0x08002d74   0x00000030   Code   RO         3454    i.Motor_Init        motor.o
    0x08002da4   0x08002da4   0x00000048   Code   RO         3455    i.Motor_SetSpeedA   motor.o
    0x08002dec   0x08002dec   0x00000048   Code   RO         3456    i.Motor_SetSpeedB   motor.o
    0x08002e34   0x08002e34   0x00000038   Code   RO         3734    i.MyI2C_Init        myi2c.o
    0x08002e6c   0x08002e6c   0x0000001c   Code   RO         3735    i.MyI2C_R_SDA       myi2c.o
    0x08002e88   0x08002e88   0x0000001e   Code   RO         3736    i.MyI2C_ReceiveAck  myi2c.o
    0x08002ea6   0x08002ea6   0x00000034   Code   RO         3737    i.MyI2C_ReceiveByte  myi2c.o
    0x08002eda   0x08002eda   0x00000018   Code   RO         3738    i.MyI2C_SendAck     myi2c.o
    0x08002ef2   0x08002ef2   0x0000002a   Code   RO         3739    i.MyI2C_SendByte    myi2c.o
    0x08002f1c   0x08002f1c   0x0000001c   Code   RO         3740    i.MyI2C_Start       myi2c.o
    0x08002f38   0x08002f38   0x00000016   Code   RO         3741    i.MyI2C_Stop        myi2c.o
    0x08002f4e   0x08002f4e   0x00000002   PAD
    0x08002f50   0x08002f50   0x0000001c   Code   RO         3742    i.MyI2C_W_SCL       myi2c.o
    0x08002f6c   0x08002f6c   0x0000001c   Code   RO         3743    i.MyI2C_W_SDA       myi2c.o
    0x08002f88   0x08002f88   0x00000002   Code   RO         4011    i.NMI_Handler       stm32f10x_it.o
    0x08002f8a   0x08002f8a   0x00000002   PAD
    0x08002f8c   0x08002f8c   0x00000070   Code   RO          137    i.NVIC_Init         misc.o
    0x08002ffc   0x08002ffc   0x00000014   Code   RO          138    i.NVIC_PriorityGroupConfig  misc.o
    0x08003010   0x08003010   0x0000002a   Code   RO         3322    i.OLED_Clear        oled.o
    0x0800303a   0x0800303a   0x00000002   PAD
    0x0800303c   0x0800303c   0x00000068   Code   RO         3323    i.OLED_I2C_Init     oled.o
    0x080030a4   0x080030a4   0x00000058   Code   RO         3324    i.OLED_I2C_SendByte  oled.o
    0x080030fc   0x080030fc   0x00000038   Code   RO         3325    i.OLED_I2C_Start    oled.o
    0x08003134   0x08003134   0x0000002c   Code   RO         3326    i.OLED_I2C_Stop     oled.o
    0x08003160   0x08003160   0x000000ae   Code   RO         3327    i.OLED_Init         oled.o
    0x0800320e   0x0800320e   0x00000014   Code   RO         3328    i.OLED_Pow          oled.o
    0x08003222   0x08003222   0x00000022   Code   RO         3329    i.OLED_SetCursor    oled.o
    0x08003244   0x08003244   0x00000074   Code   RO         3331    i.OLED_ShowChar     oled.o
    0x080032b8   0x080032b8   0x00000044   Code   RO         3333    i.OLED_ShowNum      oled.o
    0x080032fc   0x080032fc   0x00000028   Code   RO         3335    i.OLED_ShowString   oled.o
    0x08003324   0x08003324   0x00000020   Code   RO         3336    i.OLED_WriteCommand  oled.o
    0x08003344   0x08003344   0x00000020   Code   RO         3337    i.OLED_WriteData    oled.o
    0x08003364   0x08003364   0x00000014   Code   RO         3654    i.PID_Init          pid.o
    0x08003378   0x08003378   0x000000ac   Code   RO         3655    i.PID_Updata1       pid.o
    0x08003424   0x08003424   0x000000ac   Code   RO         3658    i.PID_Updata4       pid.o
    0x080034d0   0x080034d0   0x0000009c   Code   RO         3430    i.PWM_Init          pwm.o
    0x0800356c   0x0800356c   0x00000014   Code   RO         3431    i.PWM_SetCompare1   pwm.o
    0x08003580   0x08003580   0x00000014   Code   RO         3432    i.PWM_SetCompare2   pwm.o
    0x08003594   0x08003594   0x00000002   Code   RO         4012    i.PendSV_Handler    stm32f10x_it.o
    0x08003596   0x08003596   0x0000003e   Code   RO         3659    i.Position_Cycle    pid.o
    0x080035d4   0x080035d4   0x00000020   Code   RO         1775    i.RCC_APB1PeriphClockCmd  stm32f10x_rcc.o
    0x080035f4   0x080035f4   0x00000020   Code   RO         1777    i.RCC_APB2PeriphClockCmd  stm32f10x_rcc.o
    0x08003614   0x08003614   0x000000d4   Code   RO         1785    i.RCC_GetClocksFreq  stm32f10x_rcc.o
    0x080036e8   0x080036e8   0x00000002   Code   RO         4013    i.SVC_Handler       stm32f10x_it.o
    0x080036ea   0x080036ea   0x00000002   PAD
    0x080036ec   0x080036ec   0x000000b4   Code   RO         3549    i.Serial_Init       serial.o
    0x080037a0   0x080037a0   0x00000268   Code   RO         3552    i.Serial_ProcessCommand  serial.o
    0x08003a08   0x08003a08   0x00000020   Code   RO         3554    i.Serial_SendByte   serial.o
    0x08003a28   0x08003a28   0x0000001a   Code   RO         3556    i.Serial_SendString  serial.o
    0x08003a42   0x08003a42   0x00000008   Code   RO           24    i.SetSysClock       system_stm32f10x.o
    0x08003a4a   0x08003a4a   0x00000002   PAD
    0x08003a4c   0x08003a4c   0x000000e0   Code   RO           25    i.SetSysClockTo72   system_stm32f10x.o
    0x08003b2c   0x08003b2c   0x00000002   Code   RO         4014    i.SysTick_Handler   stm32f10x_it.o
    0x08003b2e   0x08003b2e   0x00000002   PAD
    0x08003b30   0x08003b30   0x00000060   Code   RO           27    i.SystemInit        system_stm32f10x.o
    0x08003b90   0x08003b90   0x00000080   Code   RO         2405    i.TI1_Config        stm32f10x_tim.o
    0x08003c10   0x08003c10   0x00000098   Code   RO         2406    i.TI2_Config        stm32f10x_tim.o
    0x08003ca8   0x08003ca8   0x00000090   Code   RO         2407    i.TI3_Config        stm32f10x_tim.o
    0x08003d38   0x08003d38   0x00000098   Code   RO         2408    i.TI4_Config        stm32f10x_tim.o
    0x08003dd0   0x08003dd0   0x00000068   Code   RO         3903    i.TIM1_UP_IRQHandler  main.o
    0x08003e38   0x08003e38   0x00000006   Code   RO         2415    i.TIM_ClearFlag     stm32f10x_tim.o
    0x08003e3e   0x08003e3e   0x00000006   Code   RO         2416    i.TIM_ClearITPendingBit  stm32f10x_tim.o
    0x08003e44   0x08003e44   0x00000018   Code   RO         2421    i.TIM_Cmd           stm32f10x_tim.o
    0x08003e5c   0x08003e5c   0x00000042   Code   RO         2430    i.TIM_EncoderInterfaceConfig  stm32f10x_tim.o
    0x08003e9e   0x08003e9e   0x00000006   Code   RO         2440    i.TIM_GetCounter    stm32f10x_tim.o
    0x08003ea4   0x08003ea4   0x00000022   Code   RO         2442    i.TIM_GetITStatus   stm32f10x_tim.o
    0x08003ec6   0x08003ec6   0x00000002   PAD
    0x08003ec8   0x08003ec8   0x000000ac   Code   RO         2444    i.TIM_ICInit        stm32f10x_tim.o
    0x08003f74   0x08003f74   0x00000012   Code   RO         2445    i.TIM_ICStructInit  stm32f10x_tim.o
    0x08003f86   0x08003f86   0x00000012   Code   RO         2446    i.TIM_ITConfig      stm32f10x_tim.o
    0x08003f98   0x08003f98   0x0000000c   Code   RO         2448    i.TIM_InternalClockConfig  stm32f10x_tim.o
    0x08003fa4   0x08003fa4   0x00000098   Code   RO         2450    i.TIM_OC1Init       stm32f10x_tim.o
    0x0800403c   0x0800403c   0x000000a4   Code   RO         2455    i.TIM_OC2Init       stm32f10x_tim.o
    0x080040e0   0x080040e0   0x00000014   Code   RO         2468    i.TIM_OCStructInit  stm32f10x_tim.o
    0x080040f4   0x080040f4   0x00000004   Code   RO         2482    i.TIM_SetCompare1   stm32f10x_tim.o
    0x080040f8   0x080040f8   0x00000004   Code   RO         2483    i.TIM_SetCompare2   stm32f10x_tim.o
    0x080040fc   0x080040fc   0x00000004   Code   RO         2486    i.TIM_SetCounter    stm32f10x_tim.o
    0x08004100   0x08004100   0x00000012   Code   RO         2487    i.TIM_SetIC1Prescaler  stm32f10x_tim.o
    0x08004112   0x08004112   0x0000001a   Code   RO         2488    i.TIM_SetIC2Prescaler  stm32f10x_tim.o
    0x0800412c   0x0800412c   0x00000012   Code   RO         2489    i.TIM_SetIC3Prescaler  stm32f10x_tim.o
    0x0800413e   0x0800413e   0x0000001a   Code   RO         2490    i.TIM_SetIC4Prescaler  stm32f10x_tim.o
    0x08004158   0x08004158   0x000000a4   Code   RO         2492    i.TIM_TimeBaseInit  stm32f10x_tim.o
    0x080041fc   0x080041fc   0x0000007c   Code   RO         3220    i.Timer_Init        timer.o
    0x08004278   0x08004278   0x000000b8   Code   RO         3557    i.USART2_IRQHandler  serial.o
    0x08004330   0x08004330   0x0000001e   Code   RO         2957    i.USART_ClearITPendingBit  stm32f10x_usart.o
    0x0800434e   0x0800434e   0x00000018   Code   RO         2960    i.USART_Cmd         stm32f10x_usart.o
    0x08004366   0x08004366   0x0000001a   Code   RO         2963    i.USART_GetFlagStatus  stm32f10x_usart.o
    0x08004380   0x08004380   0x00000054   Code   RO         2964    i.USART_GetITStatus  stm32f10x_usart.o
    0x080043d4   0x080043d4   0x0000004a   Code   RO         2966    i.USART_ITConfig    stm32f10x_usart.o
    0x0800441e   0x0800441e   0x00000002   PAD
    0x08004420   0x08004420   0x000000d8   Code   RO         2967    i.USART_Init        stm32f10x_usart.o
    0x080044f8   0x080044f8   0x0000000a   Code   RO         2974    i.USART_ReceiveData  stm32f10x_usart.o
    0x08004502   0x08004502   0x00000008   Code   RO         2977    i.USART_SendData    stm32f10x_usart.o
    0x0800450a   0x0800450a   0x00000004   Code   RO         4015    i.UsageFault_Handler  stm32f10x_it.o
    0x0800450e   0x0800450e   0x00000002   PAD
    0x08004510   0x08004510   0x00000048   Code   RO         3661    i.Yaw_Cycle         pid.o
    0x08004558   0x08004558   0x00000048   Code   RO         3662    i.Yaw_Cycle1        pid.o
    0x080045a0   0x080045a0   0x00000026   Code   RO         4271    i.__ARM_fpclassifyf  m_ws.l(fpclassifyf.o)
    0x080045c6   0x080045c6   0x0000000e   Code   RO         4512    i.__mathlib_dbl_overflow  m_ws.l(dunder.o)
    0x080045d4   0x080045d4   0x00000010   Code   RO         4514    i.__mathlib_dbl_underflow  m_ws.l(dunder.o)
    0x080045e4   0x080045e4   0x00000006   Code   RO         4274    i.__mathlib_flt_infnan  m_ws.l(funder.o)
    0x080045ea   0x080045ea   0x00000004   Code   RO         4275    i.__mathlib_flt_infnan2  m_ws.l(funder.o)
    0x080045ee   0x080045ee   0x00000008   Code   RO         4276    i.__mathlib_flt_invalid  m_ws.l(funder.o)
    0x080045f6   0x080045f6   0x0000000a   Code   RO         4279    i.__mathlib_flt_underflow  m_ws.l(funder.o)
    0x08004600   0x08004600   0x00000010   Code   RO         4376    i.__mathlib_narrow  m_ws.l(narrow.o)
    0x08004610   0x08004610   0x000000bc   Code   RO         4377    i.__mathlib_tofloat  m_ws.l(narrow.o)
    0x080046cc   0x080046cc   0x00000016   Code   RO         4484    i.__support_ldexp   m_ws.l(ldexp.o)
    0x080046e2   0x080046e2   0x0000000e   Code   RO         4209    i._is_digit         c_w.l(__printf_wp.o)
    0x080046f0   0x080046f0   0x00000124   Code   RO         4125    i.asinf             m_ws.l(asinf.o)
    0x08004814   0x08004814   0x0000025c   Code   RO         4133    i.atan2f            m_ws.l(atan2f.o)
    0x08004a70   0x08004a70   0x00000018   Code   RO         3800    i.begin             madgwick.o
    0x08004a88   0x08004a88   0x00000114   Code   RO         3801    i.computeAngles     madgwick.o
    0x08004b9c   0x08004b9c   0x00000070   Code   RO         3904    i.dataGetAndFilter  main.o
    0x08004c0c   0x08004c0c   0x000000e4   Code   RO         3905    i.dataGetERROR      main.o
    0x08004cf0   0x08004cf0   0x00000058   Code   RO         4459    i.frexp             m_ws.l(frexp.o)
    0x08004d48   0x08004d48   0x000001bc   Code   RO         3906    i.getMPU6050Data    main.o
    0x08004f04   0x08004f04   0x00000030   Code   RO         3806    i.getYaw            madgwick.o
    0x08004f34   0x08004f34   0x00000070   Code   RO         3808    i.invSqrt           madgwick.o
    0x08004fa4   0x08004fa4   0x00000074   Code   RO         4485    i.ldexp             m_ws.l(ldexp.o)
    0x08005018   0x08005018   0x000000ac   Code   RO         3907    i.main              main.o
    0x080050c4   0x080050c4   0x0000002c   Code   RO         4141    i.sqrtf             m_ws.l(sqrtf.o)
    0x080050f0   0x080050f0   0x000005e0   Code   RO         3810    i.updateIMU         madgwick.o
    0x080056d0   0x080056d0   0x0000002c   Code   RO         4360    locale$$code        c_w.l(lc_numeric_c.o)
    0x080056fc   0x080056fc   0x0000002c   Code   RO         4469    locale$$code        c_w.l(lc_ctype_c.o)
    0x08005728   0x08005728   0x00000062   Code   RO         4082    x$fpl$d2f           fz_ws.l(d2f.o)
    0x0800578a   0x0800578a   0x00000002   PAD
    0x0800578c   0x0800578c   0x00000150   Code   RO         4084    x$fpl$dadd          fz_ws.l(daddsub_clz.o)
    0x080058dc   0x080058dc   0x00000010   Code   RO         4506    x$fpl$dcheck1       fz_ws.l(dcheck1.o)
    0x080058ec   0x080058ec   0x00000018   Code   RO         4473    x$fpl$dcmpinf       fz_ws.l(dcmpi.o)
    0x08005904   0x08005904   0x00000078   Code   RO         4450    x$fpl$deqf          fz_ws.l(deqf.o)
    0x0800597c   0x0800597c   0x00000078   Code   RO         4475    x$fpl$dleqf         fz_ws.l(dleqf.o)
    0x080059f4   0x080059f4   0x00000154   Code   RO         4090    x$fpl$dmul          fz_ws.l(dmul.o)
    0x08005b48   0x08005b48   0x0000009c   Code   RO         4248    x$fpl$dnaninf       fz_ws.l(dnaninf.o)
    0x08005be4   0x08005be4   0x0000000c   Code   RO         4250    x$fpl$dretinf       fz_ws.l(dretinf.o)
    0x08005bf0   0x08005bf0   0x0000006c   Code   RO         4452    x$fpl$drleqf        fz_ws.l(drleqf.o)
    0x08005c5c   0x08005c5c   0x000001d4   Code   RO         4086    x$fpl$dsub          fz_ws.l(daddsub_clz.o)
    0x08005e30   0x08005e30   0x00000056   Code   RO         4092    x$fpl$f2d           fz_ws.l(f2d.o)
    0x08005e86   0x08005e86   0x00000002   PAD
    0x08005e88   0x08005e88   0x000000c4   Code   RO         4094    x$fpl$fadd          fz_ws.l(faddsub_clz.o)
    0x08005f4c   0x08005f4c   0x0000000c   Code   RO         4362    x$fpl$fcheck1       fz_ws.l(fcheck1.o)
    0x08005f58   0x08005f58   0x00000018   Code   RO         4252    x$fpl$fcmpinf       fz_ws.l(fcmpi.o)
    0x08005f70   0x08005f70   0x00000184   Code   RO         4101    x$fpl$fdiv          fz_ws.l(fdiv.o)
    0x080060f4   0x080060f4   0x00000068   Code   RO         4104    x$fpl$feqf          fz_ws.l(feqf.o)
    0x0800615c   0x0800615c   0x0000003e   Code   RO         4106    x$fpl$ffixu         fz_ws.l(ffixu.o)
    0x0800619a   0x0800619a   0x00000002   PAD
    0x0800619c   0x0800619c   0x00000030   Code   RO         4111    x$fpl$fflt          fz_ws.l(fflt_clz.o)
    0x080061cc   0x080061cc   0x00000026   Code   RO         4110    x$fpl$ffltu         fz_ws.l(fflt_clz.o)
    0x080061f2   0x080061f2   0x00000002   PAD
    0x080061f4   0x080061f4   0x00000068   Code   RO         4116    x$fpl$fleqf         fz_ws.l(fleqf.o)
    0x0800625c   0x0800625c   0x00000102   Code   RO         4118    x$fpl$fmul          fz_ws.l(fmul.o)
    0x0800635e   0x0800635e   0x0000008c   Code   RO         4254    x$fpl$fnaninf       fz_ws.l(fnaninf.o)
    0x080063ea   0x080063ea   0x0000000a   Code   RO         4256    x$fpl$fretinf       fz_ws.l(fretinf.o)
    0x080063f4   0x080063f4   0x00000062   Code   RO         4120    x$fpl$frleqf        fz_ws.l(frleqf.o)
    0x08006456   0x08006456   0x00000014   Code   RO         4095    x$fpl$frsb          fz_ws.l(faddsub_clz.o)
    0x0800646a   0x0800646a   0x00000002   PAD
    0x0800646c   0x0800646c   0x00000110   Code   RO         4258    x$fpl$fsqrt         fz_ws.l(fsqrt.o)
    0x0800657c   0x0800657c   0x000000ea   Code   RO         4096    x$fpl$fsub          fz_ws.l(faddsub_clz.o)
    0x08006666   0x08006666   0x00000006   Code   RO         4368    x$fpl$ieeestatus    fz_ws.l(istatus.o)
    0x0800666c   0x0800666c   0x00000064   Code   RO         4454    x$fpl$retnan        fz_ws.l(retnan.o)
    0x080066d0   0x080066d0   0x0000005c   Code   RO         4479    x$fpl$scalbn        fz_ws.l(scalbn.o)
    0x0800672c   0x0800672c   0x0000004c   Code   RO         4268    x$fpl$scalbnf       fz_ws.l(scalbnf.o)
    0x08006778   0x08006778   0x00000004   Code   RO         4122    x$fpl$scanf1        fz_ws.l(scanf1.o)
    0x0800677c   0x0800677c   0x00000008   Code   RO         4370    x$fpl$scanf2        fz_ws.l(scanf2.o)
    0x08006784   0x08006784   0x00000030   Code   RO         4481    x$fpl$trapveneer    fz_ws.l(trapv.o)
    0x080067b4   0x080067b4   0x00000000   Code   RO         4270    x$fpl$usenofp       fz_ws.l(usenofp.o)
    0x080067b4   0x080067b4   0x000005f0   Data   RO         3338    .constdata          oled.o
    0x08006da4   0x08006da4   0x00000094   Data   RO         4333    .constdata          c_w.l(bigflt0.o)
    0x08006e38   0x08006e38   0x00000054   Data   RO         3909    .conststring        main.o
    0x08006e8c   0x08006e8c   0x00000020   Data   RO         4589    Region$$Table       anon$$obj.o
    0x08006eac   0x08006eac   0x00000008   Data   RO         4364    c$$dinf             fz_ws.l(fpconst.o)
    0x08006eb4   0x08006eb4   0x00000008   Data   RO         4367    c$$dmax             fz_ws.l(fpconst.o)
    0x08006ebc   0x08006ebc   0x0000001c   Data   RO         4359    locale$$data        c_w.l(lc_numeric_c.o)
    0x08006ed8   0x08006ed8   0x00000110   Data   RO         4468    locale$$data        c_w.l(lc_ctype_c.o)


    Execution Region RW_IRAM1 (Exec base: 0x20000000, Load base: 0x08006fe8, Size: 0x00000838, Max: 0x00005000, ABSOLUTE, COMPRESSED[0x0000004c])

    Exec Addr    Load Addr    Size         Type   Attr      Idx    E Section Name        Object

    0x20000000   COMPRESSED   0x00000014   Data   RW         1805    .data               stm32f10x_rcc.o
    0x20000014   COMPRESSED   0x00000003   Data   RW         3560    .data               serial.o
    0x20000017   COMPRESSED   0x00000001   PAD
    0x20000018   COMPRESSED   0x00000004   Data   RW         3664    .data               pid.o
    0x2000001c   COMPRESSED   0x00000025   Data   RW         3811    .data               madgwick.o
    0x20000041   COMPRESSED   0x00000007   PAD
    0x20000048   COMPRESSED   0x000000e9   Data   RW         3910    .data               main.o
    0x20000131   COMPRESSED   0x00000003   PAD
    0x20000134        -       0x00000088   Zero   RW         3559    .bss                serial.o
    0x200001bc        -       0x00000018   Zero   RW         3908    .bss                main.o
    0x200001d4        -       0x00000060   Zero   RW         4383    .bss                c_w.l(libspace.o)
    0x20000234   COMPRESSED   0x00000004   PAD
    0x20000238        -       0x00000200   Zero   RW            2    HEAP                startup_stm32f10x_md.o
    0x20000438        -       0x00000400   Zero   RW            1    STACK               startup_stm32f10x_md.o


==============================================================================

Image component sizes


      Code (inc. data)   RO Data    RW Data    ZI Data      Debug   Object Name

        52          4          0          0          0        472   beep.o
         0          0          0          0          0       4508   core_cm3.o
        94          0          0          0          0       1408   delay.o
       366         20          0          0          0       1681   encoder.o
       248         26          0          0          0       1484   huiduganwei.o
       120         14          0          0          0        507   key.o
       112          8          0          0          0        495   led.o
      1964        106          0         37          0       4268   madgwick.o
      4444        526         84        233         24       8724   main.o
       132         22          0          0          0     204767   misc.o
       192         16          0          0          0       1513   motor.o
       336          0          0          0          0       2995   mpu6050.o
       338         18          0          0          0       4894   myi2c.o
       850         38       1520          0          0       7605   oled.o
       570         24          0          4          0       5047   pid.o
       196         22          0          0          0       1603   pwm.o
      1038        106          0          3        136       4479   serial.o
        64         26        236          0       1536        816   startup_stm32f10x_md.o
         0          0          0          0          0       1660   stm32f10x_adc.o
       314          0          0          0          0      12356   stm32f10x_gpio.o
        26          0          0          0          0       3766   stm32f10x_it.o
       276         32          0         20          0      12994   stm32f10x_rcc.o
      1538        180          0          0          0      35478   stm32f10x_tim.o
       472          6          0          0          0      12507   stm32f10x_usart.o
       328         28          0          0          0      45237   system_stm32f10x.o
       124          6          0          0          0        557   timer.o

    ----------------------------------------------------------------------
     14216       1228       1872        308       1696     381821   Object Totals
         0          0         32          0          0          0   (incl. Generated)
        22          0          0         11          0          0   (incl. Padding)

    ----------------------------------------------------------------------

      Code (inc. data)   RO Data    RW Data    ZI Data      Debug   Library Member Name

        60          8          0          0          0         84   __0sscanf.o
        90          0          0          0          0          0   __dczerorl2.o
         8          0          0          0          0         68   __main.o
        14          0          0          0          0         68   __printf_wp.o
         0          0          0          0          0          0   __rtentry.o
        12          0          0          0          0          0   __rtentry2.o
         6          0          0          0          0          0   __rtentry4.o
        52          8          0          0          0          0   __scatter.o
        28          0          0          0          0          0   __scatter_zi.o
        28          0          0          0          0         68   _chval.o
        22          0          0          0          0        100   _rserrno.o
       884          6          0          0          0        100   _scanf.o
        64          0          0          0          0         84   _sgetc.o
       228          4        148          0          0         96   bigflt0.o
      1924        136          0          0          0        756   btod.o
        18          0          0          0          0         80   exit.o
         6          0          0          0          0        152   heapauxi.o
         0          0          0          0          0          0   indicate_semi.o
        18          0          0          0          0         76   isspace.o
        44         10        272          0          0         76   lc_ctype_c.o
        44         10         28          0          0         76   lc_numeric_c.o
         2          0          0          0          0          0   libinit.o
        30          0          0          0          0          0   libinit2.o
         2          0          0          0          0          0   libshutdown.o
         2          0          0          0          0          0   libshutdown2.o
         8          4          0          0         96         68   libspace.o
        38          0          0          0          0         68   llshl.o
        16          4          0          0          0         76   rt_ctype_table.o
         8          4          0          0          0         68   rt_errno_addr_intlibspace.o
         8          4          0          0          0         68   rt_locale_intlibspace.o
         2          0          0          0          0          0   rtexit.o
        10          0          0          0          0          0   rtexit2.o
        44          8          0          0          0         84   scanf_char.o
      1272         16          0          0          0        168   scanf_fp.o
       800         14          0          0          0        100   scanf_hexfp.o
       308         16          0          0          0        100   scanf_infnan.o
       128          0          0          0          0         68   strcmpv7m.o
        62          0          0          0          0         76   strlen.o
        12          4          0          0          0         68   sys_exit.o
        74          0          0          0          0         80   sys_stackheap_outer.o
         2          0          0          0          0         68   use_no_semi.o
        98          4          0          0          0         92   d2f.o
       804         16          0          0          0        272   daddsub_clz.o
        16          4          0          0          0         68   dcheck1.o
        24          0          0          0          0         68   dcmpi.o
       120          4          0          0          0         92   deqf.o
       120          4          0          0          0         92   dleqf.o
       340         12          0          0          0        104   dmul.o
       156          4          0          0          0         92   dnaninf.o
        12          0          0          0          0         68   dretinf.o
       108          0          0          0          0         80   drleqf.o
        86          4          0          0          0         84   f2d.o
       450          8          0          0          0        236   faddsub_clz.o
        12          4          0          0          0         68   fcheck1.o
        24          0          0          0          0         68   fcmpi.o
       388         76          0          0          0         96   fdiv.o
       104          4          0          0          0         84   feqf.o
        62          4          0          0          0         84   ffixu.o
        86          0          0          0          0        136   fflt_clz.o
       104          4          0          0          0         84   fleqf.o
       258          4          0          0          0         84   fmul.o
       140          4          0          0          0         84   fnaninf.o
         0          0         16          0          0          0   fpconst.o
        10          0          0          0          0         68   fretinf.o
        98          0          0          0          0         68   frleqf.o
       272        100          0          0          0         88   fsqrt.o
         6          0          0          0          0         68   istatus.o
       100          0          0          0          0         68   retnan.o
        92          0          0          0          0         68   scalbn.o
        76          0          0          0          0         68   scalbnf.o
         4          0          0          0          0         68   scanf1.o
         8          0          0          0          0         84   scanf2.o
        48          0          0          0          0         68   trapv.o
         0          0          0          0          0          0   usenofp.o
       292         38          0          0          0        120   asinf.o
       604         76          0          0          0        116   atan2f.o
        30          6          0          0          0        136   dunder.o
        38          0          0          0          0         68   fpclassifyf.o
        88          8          0          0          0         76   frexp.o
        28          0          0          0          0        272   funder.o
       138          0          0          0          0        160   ldexp.o
       204          4          0          0          0        168   narrow.o
        44          0          0          0          0         80   sqrtf.o

    ----------------------------------------------------------------------
     12096        650        464          0        100       7092   Library Totals
        26          2          0          0          4          0   (incl. Padding)

    ----------------------------------------------------------------------

      Code (inc. data)   RO Data    RW Data    ZI Data      Debug   Library Name

      6378        256        448          0         96       3044   c_w.l
      4226        260         16          0          0       2852   fz_ws.l
      1466        132          0          0          0       1196   m_ws.l

    ----------------------------------------------------------------------
     12096        650        464          0        100       7092   Library Totals

    ----------------------------------------------------------------------

==============================================================================


      Code (inc. data)   RO Data    RW Data    ZI Data      Debug   

     26312       1878       2336        308       1796     378457   Grand Totals
     26312       1878       2336         76       1796     378457   ELF Image Totals (compressed)
     26312       1878       2336         76          0          0   ROM Totals

==============================================================================

    Total RO  Size (Code + RO Data)                28648 (  27.98kB)
    Total RW  Size (RW Data + ZI Data)              2104 (   2.05kB)
    Total ROM Size (Code + RO Data + RW Data)      28724 (  28.05kB)

==============================================================================

